 zlibwapid

 Timestamp is 5c3ac6d6 (Sun Jan 13 13:04:22 2019)

 Preferred load address is 10000000

 Start         Length     Name                   Class
 0001:00000000 00037f35H .textbss                DATA
 0002:00000000 00073261H .text                   CODE
 0002:00073270 00001139H .text$x                 CODE
 0003:00000000 00000104H .CRT$XCA                DATA
 0003:00000104 00000104H .CRT$XCZ                DATA
 0003:00000208 00000104H .CRT$XIA                DATA
 0003:0000030c 00000113H .CRT$XIC                DATA
 0003:00000420 00000104H .CRT$XIZ                DATA
 0003:00000524 00000104H .CRT$XPA                DATA
 0003:00000628 00000109H .CRT$XPX                DATA
 0003:00000734 00000104H .CRT$XPXA               DATA
 0003:00000838 00000104H .CRT$XPZ                DATA
 0003:0000093c 00000104H .CRT$XTA                DATA
 0003:00000a40 00000104H .CRT$XTZ                DATA
 0003:00000b50 00012be1H .rdata                  DATA
 0003:00013734 00000176H .rdata$debug            DATA
 0003:000138ac 0000032fH .rdata$r                DATA
 0003:00013bdc 00000104H .rtc$IAA                DATA
 0003:00013ce0 00000104H .rtc$IZZ                DATA
 0003:00013de4 00000104H .rtc$TAA                DATA
 0003:00013ee8 00000104H .rtc$TZZ                DATA
 0003:00013ff0 00000f82H .xdata$x                DATA
 0003:00014f80 00001092H .edata                  DATA
 0004:00000000 000014d5H .data                   DATA
 0004:000014e0 00002578H .bss                    DATA
 0005:00000000 00000014H .idata$2                DATA
 0005:00000014 00000014H .idata$3                DATA
 0005:00000028 000001b4H .idata$4                DATA
 0005:000001dc 000001b4H .idata$5                DATA
 0005:00000390 00000790H .idata$6                DATA
 0006:00000000 00000169H .rsrc$01                DATA
 0006:00000170 000004dcH .rsrc$02                DATA

  Address         Publics by Value              Rva+Base       Lib:Object

 0000:00000000       __except_list              00000000     <absolute>
 0000:00000000       ___safe_se_handler_count   00000000     <absolute>
 0000:00000000       ___safe_se_handler_table   00000000     <absolute>
 0000:00000000       ___ImageBase               10000000     <linker-defined>
 0001:00000000       __enc$textbss$begin        10001000     <linker-defined>
 0001:00037f35       __enc$textbss$end          10038f35     <linker-defined>
 0002:00002ab0       _longest_match             1003bab0 f   match686.obj
 0002:00002c98       _match_init                1003bc98 f   match686.obj
 0002:00002e20       _inflate_fast              1003be20 f   inffas32.obj
 0002:000036a0       _adler32_z@12              1003c6a0 f   adler32.obj
 0002:00003c50       _adler32@12                1003cc50 f   adler32.obj
 0002:00003c80       _adler32_combine@12        1003cc80 f   adler32.obj
 0002:00003e00       _adler32_combine64@16      1003ce00 f   adler32.obj
 0002:00003e40       _compress2@20              1003ce40 f   compress.obj
 0002:00003fc0       _compress@16               1003cfc0 f   compress.obj
 0002:00004000       _compressBound@4           1003d000 f   compress.obj
 0002:00004040       _get_crc_table@0           1003d040 f   crc32.obj
 0002:00004060       _crc32_z@12                1003d060 f   crc32.obj
 0002:000042f0       _crc32@12                  1003d2f0 f   crc32.obj
 0002:00004d80       _crc32_combine@12          1003dd80 f   crc32.obj
 0002:00005070       _crc32_combine64@16        1003e070 f   crc32.obj
 0002:000050b0       _deflateInit_@16           1003e0b0 f   deflate.obj
 0002:000050f0       _deflateInit2_@32          1003e0f0 f   deflate.obj
 0002:00005520       _deflateSetDictionary@12   1003e520 f   deflate.obj
 0002:00005900       _deflateGetDictionary@12   1003e900 f   deflate.obj
 0002:000059c0       _deflateResetKeep@4        1003e9c0 f   deflate.obj
 0002:00005b00       _deflateReset@4            1003eb00 f   deflate.obj
 0002:00005b50       _deflateSetHeader@8        1003eb50 f   deflate.obj
 0002:00005bb0       _deflatePending@12         1003ebb0 f   deflate.obj
 0002:00005c20       _deflatePrime@12           1003ec20 f   deflate.obj
 0002:00005d40       _deflateParams@12          1003ed40 f   deflate.obj
 0002:00006080       _deflateTune@20            1003f080 f   deflate.obj
 0002:00006100       _deflateBound@8            1003f100 f   deflate.obj
 0002:000062e0       _deflate@8                 1003f2e0 f   deflate.obj
 0002:000077f0       _deflateEnd@4              100407f0 f   deflate.obj
 0002:00007940       _deflateCopy@8             10040940 f   deflate.obj
 0002:0000a550       _gzclose@4                 10043550 f   gzclose.obj
 0002:0000a5c0       _gzopen@8                  100435c0 f   gzlib.obj
 0002:0000ac00       _gzopen64@8                10043c00 f   gzlib.obj
 0002:0000ac30       _gzdopen@8                 10043c30 f   gzlib.obj
 0002:0000acc0       _gzopen_w@8                10043cc0 f   gzlib.obj
 0002:0000acf0       _gzbuffer@8                10043cf0 f   gzlib.obj
 0002:0000ad90       _gzrewind@4                10043d90 f   gzlib.obj
 0002:0000ae40       _gzseek64@16               10043e40 f   gzlib.obj
 0002:0000b1e0       _gzseek@12                 100441e0 f   gzlib.obj
 0002:0000b250       _gztell64@4                10044250 f   gzlib.obj
 0002:0000b2f0       _gztell@4                  100442f0 f   gzlib.obj
 0002:0000b350       _gzoffset64@4              10044350 f   gzlib.obj
 0002:0000b420       _gzoffset@4                10044420 f   gzlib.obj
 0002:0000b480       _gzeof@4                   10044480 f   gzlib.obj
 0002:0000b500       _gzerror@8                 10044500 f   gzlib.obj
 0002:0000b5b0       _gzclearerr@4              100445b0 f   gzlib.obj
 0002:0000b640       _gz_error                  10044640 f   gzlib.obj
 0002:0000b780       _gzread@12                 10044780 f   gzread.obj
 0002:0000c330       _gzfread@16                10045330 f   gzread.obj
 0002:0000c410       _gzgetc@4                  10045410 f   gzread.obj
 0002:0000c510       _gzgetc_@4                 10045510 f   gzread.obj
 0002:0000c540       _gzungetc@8                10045540 f   gzread.obj
 0002:0000c780       _gzgets@12                 10045780 f   gzread.obj
 0002:0000c990       _gzdirect@4                10045990 f   gzread.obj
 0002:0000ca00       _gzclose_r@4               10045a00 f   gzread.obj
 0002:0000cb20       _gzwrite@12                10045b20 f   gzwrite.obj
 0002:0000d3e0       _gzfwrite@16               100463e0 f   gzwrite.obj
 0002:0000d4b0       _gzputc@8                  100464b0 f   gzwrite.obj
 0002:0000d630       _gzputs@8                  10046630 f   gzwrite.obj
 0002:0000d6e0       _gzvprintf                 100466e0 f   gzwrite.obj
 0002:0000d930       _gzprintf                  10046930 f   gzwrite.obj
 0002:0000d980       _gzflush@8                 10046980 f   gzwrite.obj
 0002:0000da50       _gzsetparams@12            10046a50 f   gzwrite.obj
 0002:0000db90       _gzclose_w@4               10046b90 f   gzwrite.obj
 0002:0000dd00       _inflateBackInit_@20       10046d00 f   infback.obj
 0002:0000de50       _inflateBack@20            10046e50 f   infback.obj
 0002:0000f740       _inflateBackEnd@4          10048740 f   infback.obj
 0002:0000f7b0       _inflateResetKeep@4        100487b0 f   inflate.obj
 0002:0000f980       _inflateReset@4            10048980 f   inflate.obj
 0002:0000f9f0       _inflateReset2@8           100489f0 f   inflate.obj
 0002:0000fb00       _inflateInit2_@16          10048b00 f   inflate.obj
 0002:0000fc50       _inflateInit_@12           10048c50 f   inflate.obj
 0002:0000fc80       _inflatePrime@12           10048c80 f   inflate.obj
 0002:0000fd50       _inflate@8                 10048d50 f   inflate.obj
 0002:000129a0       _inflateEnd@4              1004b9a0 f   inflate.obj
 0002:00012a40       _inflateGetDictionary@12   1004ba40 f   inflate.obj
 0002:00012b10       _inflateSetDictionary@12   1004bb10 f   inflate.obj
 0002:00012c20       _inflateGetHeader@8        1004bc20 f   inflate.obj
 0002:00012c90       _inflateSync@4             1004bc90 f   inflate.obj
 0002:00012f50       _inflateSyncPoint@4        1004bf50 f   inflate.obj
 0002:00012fc0       _inflateCopy@8             1004bfc0 f   inflate.obj
 0002:000131f0       _inflateUndermine@8        1004c1f0 f   inflate.obj
 0002:00013250       _inflateValidate@8         1004c250 f   inflate.obj
 0002:000132c0       _inflateMark@4             1004c2c0 f   inflate.obj
 0002:00013370       _inflateCodesUsed@4        1004c370 f   inflate.obj
 0002:000133d0       _inflate_table             1004c3d0 f   inftrees.obj
 0002:00013af0       _call_zopen64              1004caf0 f   ioapi.obj
 0002:00013b60       _call_zseek64              1004cb60 f   ioapi.obj
 0002:00013c10       _call_ztell64              1004cc10 f   ioapi.obj
 0002:00013c90       _fill_zlib_filefunc64_32_def_from_filefunc32 1004cc90 f   ioapi.obj
 0002:00013d50       _fill_fopen_filefunc       1004cd50 f   ioapi.obj
 0002:00014020       _fill_fopen64_filefunc     1004d020 f   ioapi.obj
 0002:00014220       _win32_open64_file_func    1004d220 f   iowin32.obj
 0002:000143f0       _win32_open64_file_funcA   1004d3f0 f   iowin32.obj
 0002:00014480       _win32_open64_file_funcW   1004d480 f   iowin32.obj
 0002:00014510       _win32_open_file_func      1004d510 f   iowin32.obj
 0002:000145a0       _win32_read_file_func      1004d5a0 f   iowin32.obj
 0002:00014630       _win32_write_file_func     1004d630 f   iowin32.obj
 0002:000146c0       _win32_tell_file_func      1004d6c0 f   iowin32.obj
 0002:00014800       _win32_tell64_file_func    1004d800 f   iowin32.obj
 0002:000148c0       _win32_seek_file_func      1004d8c0 f   iowin32.obj
 0002:000149c0       _win32_seek64_file_func    1004d9c0 f   iowin32.obj
 0002:00014ac0       _win32_close_file_func     1004dac0 f   iowin32.obj
 0002:00014b20       _win32_error_file_func     1004db20 f   iowin32.obj
 0002:00014b60       _fill_win32_filefunc       1004db60 f   iowin32.obj
 0002:00014be0       _fill_win32_filefunc64     1004dbe0 f   iowin32.obj
 0002:00014c60       _fill_win32_filefunc64A    1004dc60 f   iowin32.obj
 0002:00014ce0       _fill_win32_filefunc64W    1004dce0 f   iowin32.obj
 0002:00014d60       __tr_init                  1004dd60 f   trees.obj
 0002:00014f50       __tr_stored_block          1004df50 f   trees.obj
 0002:000151d0       __tr_flush_bits            1004e1d0 f   trees.obj
 0002:00015200       __tr_align                 1004e200 f   trees.obj
 0002:000154f0       __tr_flush_block           1004e4f0 f   trees.obj
 0002:00017b70       __tr_tally                 10050b70 f   trees.obj
 0002:00018a70       _uncompress2@16            10051a70 f   uncompr.obj
 0002:00018ca0       _uncompress@16             10051ca0 f   uncompr.obj
 0002:00018cd0       _unzStringFileNameCompare@12 10051cd0 f   unzip.obj
 0002:00018e20       _unzOpen2@8                10051e20 f   unzip.obj
 0002:0001a210       _unzOpen2_64@8             10053210 f   unzip.obj
 0002:0001a280       _unzOpen@4                 10053280 f   unzip.obj
 0002:0001a2b0       _unzOpen64@4               100532b0 f   unzip.obj
 0002:0001a2e0       _unzClose@4                100532e0 f   unzip.obj
 0002:0001a360       _unzGetGlobalInfo64@8      10053360 f   unzip.obj
 0002:0001a3c0       _unzGetGlobalInfo@8        100533c0 f   unzip.obj
 0002:0001a410       _unzGetCurrentFileInfo64@32 10053410 f   unzip.obj
 0002:0001ae20       _unzGetCurrentFileInfo@32  10053e20 f   unzip.obj
 0002:0001af60       _unzGoToFirstFile@4        10053f60 f   unzip.obj
 0002:0001b020       _unzGoToNextFile@4         10054020 f   unzip.obj
 0002:0001b1a0       _unzLocateFile@12          100541a0 f   unzip.obj
 0002:0001b360       _unzGetFilePos64@8         10054360 f   unzip.obj
 0002:0001b3f0       _unzGetFilePos@8           100543f0 f   unzip.obj
 0002:0001b440       _unzGoToFilePos64@8        10054440 f   unzip.obj
 0002:0001b500       _unzGoToFilePos@8          10054500 f   unzip.obj
 0002:0001b560       _unzOpenCurrentFile3@20    10054560 f   unzip.obj
 0002:0001bde0       _unzOpenCurrentFile@4      10054de0 f   unzip.obj
 0002:0001be10       _unzOpenCurrentFilePassword@8 10054e10 f   unzip.obj
 0002:0001be40       _unzOpenCurrentFile2@16    10054e40 f   unzip.obj
 0002:0001be80       _unzGetCurrentFileZStreamPos64@4 10054e80 f   unzip.obj
 0002:0001bef0       _unzReadCurrentFile@12     10054ef0 f   unzip.obj
 0002:0001c520       _unztell@4                 10055520 f   unzip.obj
 0002:0001c580       _unztell64@4               10055580 f   unzip.obj
 0002:0001c5e0       _unzeof@4                  100555e0 f   unzip.obj
 0002:0001c660       _unzGetLocalExtrafield@12  10055660 f   unzip.obj
 0002:0001c7c0       _unzCloseCurrentFile@4     100557c0 f   unzip.obj
 0002:0001c8e0       _unzGetGlobalComment@12    100558e0 f   unzip.obj
 0002:0001c9e0       _unzGetOffset64@4          100559e0 f   unzip.obj
 0002:0001cab0       _unzGetOffset@4            10055ab0 f   unzip.obj
 0002:0001caf0       _unzSetOffset64@12         10055af0 f   unzip.obj
 0002:0001cba0       _unzSetOffset@8            10055ba0 f   unzip.obj
 0002:0001cbd0       _LoadCentralDirectoryRecord 10055bd0 f   zip.obj
 0002:0001e160       _zipOpen3@16               10057160 f   zip.obj
 0002:0001e3e0       _zipOpen2@16               100573e0 f   zip.obj
 0002:0001e450       _zipOpen2_64@16            10057450 f   zip.obj
 0002:0001e4d0       _zipOpen@8                 100574d0 f   zip.obj
 0002:0001e500       _zipOpen64@8               10057500 f   zip.obj
 0002:0001e530       _Write_LocalFileHeader     10057530 f   zip.obj
 0002:0001ea80       _zipOpenNewFileInZip4_64@76 10057a80 f   zip.obj
 0002:0001f900       _zipOpenNewFileInZip4@72   10058900 f   zip.obj
 0002:0001f980       _zipOpenNewFileInZip3@64   10058980 f   zip.obj
 0002:0001fa00       _zipOpenNewFileInZip3_64@68 10058a00 f   zip.obj
 0002:0001fa80       _zipOpenNewFileInZip2@44   10058a80 f   zip.obj
 0002:0001faf0       _zipOpenNewFileInZip2_64@48 10058af0 f   zip.obj
 0002:0001fb60       _zipOpenNewFileInZip64@44  10058b60 f   zip.obj
 0002:0001fbd0       _zipOpenNewFileInZip@40    10058bd0 f   zip.obj
 0002:0001fc40       _zipWriteInFileInZip@12    10058c40 f   zip.obj
 0002:00020060       _zipCloseFileInZipRaw@12   10059060 f   zip.obj
 0002:00020090       _zipCloseFileInZipRaw64@16 10059090 f   zip.obj
 0002:00020960       _zipCloseFileInZip@4       10059960 f   zip.obj
 0002:00020990       _Write_Zip64EndOfCentralDirectoryLocator 10059990 f   zip.obj
 0002:00020a80       _Write_Zip64EndOfCentralDirectoryRecord 10059a80 f   zip.obj
 0002:00020ca0       _Write_EndOfCentralDirectoryRecord 10059ca0 f   zip.obj
 0002:00020f20       _Write_GlobalComment       10059f20 f   zip.obj
 0002:00020fe0       _zipClose@8                10059fe0 f   zip.obj
 0002:00021320       _zipRemoveExtraInfoBlock@12 1005a320 f   zip.obj
 0002:000214a0       _zlibVersion@0             1005a4a0 f   zutil.obj
 0002:000214c0       _zlibCompileFlags@0        1005a4c0 f   zutil.obj
 0002:00021630       _zError@4                  1005a630 f   zutil.obj
 0002:00021660       _zcalloc                   1005a660 f   zutil.obj
 0002:00021690       _zcfree                    1005a690 f   zutil.obj
 0002:000216b4       _CreateFileA@28            1005a6b4 f   kernel32:KERNEL32.dll
 0002:000216ba       _CloseHandle@4             1005a6ba f   kernel32:KERNEL32.dll
 0002:000216c0       _CreateFileW@28            1005a6c0 f   kernel32:KERNEL32.dll
 0002:000216c6       _GetLastError@0            1005a6c6 f   kernel32:KERNEL32.dll
 0002:000216cc       _ReadFile@20               1005a6cc f   kernel32:KERNEL32.dll
 0002:000216d2       _WriteFile@20              1005a6d2 f   kernel32:KERNEL32.dll
 0002:000216d8       _SetFilePointer@16         1005a6d8 f   kernel32:KERNEL32.dll
 0002:000216e0       __allrem                   1005a6e0 f   LIBCMTD:llrem.obj
 0002:000217c0       __allshr                   1005a7c0 f   LIBCMTD:llshr.obj
 0002:000217f0       _memset                    1005a7f0 f   LIBCMTD:memset.obj
 0002:00021890       _memcpy                    1005a890 f   LIBCMTD:memcpy.obj
 0002:00021cd0       __lseeki64                 1005acd0 f   LIBCMTD:lseeki64.obj
 0002:00021fb0       __lseeki64_nolock          1005afb0 f   LIBCMTD:lseeki64.obj
 0002:000220e0       __wopen                    1005b0e0 f   LIBCMTD:wopen.obj
 0002:000222c0       __wsopen_helper            1005b2c0 f   LIBCMTD:wopen.obj
 0002:000239b0       __invoke_watson_if_error   1005c9b0 f i LIBCMTD:wopen.obj
 0002:000239f0       __wsopen                   1005c9f0 f   LIBCMTD:wopen.obj
 0002:00023a80       __wsopen_s                 1005ca80 f   LIBCMTD:wopen.obj
 0002:00023ab0       __snprintf                 1005cab0 f   LIBCMTD:snprintf.obj
 0002:00023cf0       __snprintf_l               1005ccf0 f   LIBCMTD:snprintf.obj
 0002:00023d30       _strlen                    1005cd30 f   LIBCMTD:strlen.obj
 0002:00023de0       __wcstombs_l_helper        1005cde0 f   LIBCMTD:wcstombs.obj
 0002:00024400       ??0_LocaleUpdate@@QAE@PAUlocaleinfo_struct@@@Z 1005d400 f i LIBCMTD:wcstombs.obj
 0002:00024510       ??1_LocaleUpdate@@QAE@XZ   1005d510 f i LIBCMTD:wcstombs.obj
 0002:00024550       ?GetLocaleT@_LocaleUpdate@@QAEPAUlocaleinfo_struct@@XZ 1005d550 f i LIBCMTD:wcstombs.obj
 0002:000245f0       __wcstombs_l               1005d5f0 f   LIBCMTD:wcstombs.obj
 0002:00024620       _wcstombs                  1005d620 f   LIBCMTD:wcstombs.obj
 0002:00024650       __wcstombs_s_l             1005d650 f   LIBCMTD:wcstombs.obj
 0002:00024a40       _wcstombs_s                1005da40 f   LIBCMTD:wcstombs.obj
 0002:00024a70       _free                      1005da70 f   LIBCMTD:dbgfree.obj
 0002:00024a90       _malloc                    1005da90 f   LIBCMTD:dbgmalloc.obj
 0002:00024ad0       _strerror                  1005dad0 f   LIBCMTD:strerror.obj
 0002:00024ba0       __get_sys_err_msg          1005dba0 f i LIBCMTD:strerror.obj
 0002:00024bf0       _strerror_s                1005dbf0 f   LIBCMTD:strerror.obj
 0002:00024d60       __dosmaperr                1005dd60 f   LIBCMTD:dosmap.obj
 0002:00024da0       __get_errno_from_oserr     1005dda0 f   LIBCMTD:dosmap.obj
 0002:00024e40       __set_errno                1005de40 f   LIBCMTD:dosmap.obj
 0002:00024e80       __get_errno                1005de80 f   LIBCMTD:dosmap.obj
 0002:00024f20       __set_doserrno             1005df20 f   LIBCMTD:dosmap.obj
 0002:00024f60       __get_doserrno             1005df60 f   LIBCMTD:dosmap.obj
 0002:00025000       __errno                    1005e000 f   LIBCMTD:dosmap.obj
 0002:00025030       ___doserrno                1005e030 f   LIBCMTD:dosmap.obj
 0002:00025060       _memchr                    1005e060 f   LIBCMTD:memchr.obj
 0002:00025140       __fsopen                   1005e140 f   LIBCMTD:fopen.obj
 0002:000253d0       _fopen                     1005e3d0 f   LIBCMTD:fopen.obj
 0002:000253f0       _fopen_s                   1005e3f0 f   LIBCMTD:fopen.obj
 0002:000254c0       _fread_s                   1005e4c0 f   LIBCMTD:fread.obj
 0002:00025640       __fread_nolock_s           1005e640 f   LIBCMTD:fread.obj
 0002:00025d90       _fread                     1005ed90 f   LIBCMTD:fread.obj
 0002:00025dc0       __fread_nolock             1005edc0 f   LIBCMTD:fread.obj
 0002:00025df0       _fwrite                    1005edf0 f   LIBCMTD:fwrite.obj
 0002:00025f40       __fwrite_nolock            1005ef40 f   LIBCMTD:fwrite.obj
 0002:00026400       _ftell                     1005f400 f   LIBCMTD:ftell.obj
 0002:00026520       __ftell_nolock             1005f520 f   LIBCMTD:ftell.obj
 0002:000268a0       _fseek                     1005f8a0 f   LIBCMTD:fseek.obj
 0002:00026a70       __fseek_nolock             1005fa70 f   LIBCMTD:fseek.obj
 0002:00026b90       _fclose                    1005fb90 f   LIBCMTD:fclose.obj
 0002:00026ce0       __fclose_nolock            1005fce0 f   LIBCMTD:fclose.obj
 0002:00026e20       _feof                      1005fe20 f   LIBCMTD:feoferr.obj
 0002:00026eb0       _ferror                    1005feb0 f   LIBCMTD:feoferr.obj
 0002:00026f40       __ftelli64                 1005ff40 f   LIBCMTD:ftelli64.obj
 0002:00027070       __ftelli64_nolock          10060070 f   LIBCMTD:ftelli64.obj
 0002:00027760       __fseeki64                 10060760 f   LIBCMTD:fseeki64.obj
 0002:00027930       __fseeki64_nolock          10060930 f   LIBCMTD:fseeki64.obj
 0002:00027ac0       _strcmp                    10060ac0 f   LIBCMTD:strcmp.obj
 0002:00027b70       __allshl                   10060b70 f   LIBCMTD:llshl.obj
 0002:00027ba0       __allmul                   10060ba0 f   LIBCMTD:llmul.obj
 0002:00027bf0       __aulldiv                  10060bf0 f   LIBCMTD:ulldiv.obj
 0002:00027c80       __aullshr                  10060c80 f   LIBCMTD:ullshr.obj
 0002:00027cb0       __chkstk                   10060cb0 f   LIBCMTD:chkstk.obj
 0002:00027cb0       __alloca_probe             10060cb0     LIBCMTD:chkstk.obj
 0002:00027cf0       _srand                     10060cf0 f   LIBCMTD:rand.obj
 0002:00027d10       _rand                      10060d10 f   LIBCMTD:rand.obj
 0002:00027d60       __time64                   10060d60 f   LIBCMTD:time64.obj
 0002:00027e00       __CRT_INIT@12              10060e00 f   LIBCMTD:dllcrt0.obj
 0002:000280a0       __DllMainCRTStartup@12     100610a0 f   LIBCMTD:dllcrt0.obj
 0002:00028300       __VEC_memzero              10061300 f   LIBCMTD:p4_memset.obj
 0002:000283f0       ___sse2_available_init     100613f0 f   LIBCMTD:cpu_disp.obj
 0002:00028410       __VEC_memcpy               10061410 f   LIBCMTD:p4_memcpy.obj
 0002:00028560       __alloc_osfhnd             10061560 f   LIBCMTD:osfinfo.obj
 0002:000288c0       __set_osfhnd               100618c0 f   LIBCMTD:osfinfo.obj
 0002:000289c0       __free_osfhnd              100619c0 f   LIBCMTD:osfinfo.obj
 0002:00028ae0       __get_osfhandle            10061ae0 f   LIBCMTD:osfinfo.obj
 0002:00028ca0       __open_osfhandle           10061ca0 f   LIBCMTD:osfinfo.obj
 0002:00028f60       ___lock_fhandle            10061f60 f   LIBCMTD:osfinfo.obj
 0002:000290a0       __unlock_fhandle           100620a0 f   LIBCMTD:osfinfo.obj
 0002:000290e0       __ioinit                   100620e0 f   LIBCMTD:ioinit.obj
 0002:00029600       __ioterm                   10062600 f   LIBCMTD:ioinit.obj
 0002:000296d0       __initp_misc_invarg        100626d0 f   LIBCMTD:invarg.obj
 0002:000296f0       __invalid_parameter        100626f0 f   LIBCMTD:invarg.obj
 0002:00029760       __invoke_watson            10062760 f   LIBCMTD:invarg.obj
 0002:000297a0       __call_reportfault         100627a0 f   LIBCMTD:invarg.obj
 0002:00029950       __set_invalid_parameter_handler 10062950 f   LIBCMTD:invarg.obj
 0002:000299a0       __get_invalid_parameter_handler 100629a0 f   LIBCMTD:invarg.obj
 0002:000299e0       ?_invalid_parameter@@YAXPBG00II@Z 100629e0 f   LIBCMTD:invarg.obj
 0002:00029a10       ?_invoke_watson@@YAXPBG00II@Z 10062a10 f   LIBCMTD:invarg.obj
 0002:00029a40       __CrtSetReportHookW2       10062a40 f   LIBCMTD:dbgrptw.obj
 0002:00029e30       __CrtDbgReportW            10062e30 f   LIBCMTD:dbgrptw.obj
 0002:00029e80       __CrtDbgReportWV           10062e80 f i LIBCMTD:dbgrptw.obj
 0002:00029eb0       ___crtMessageWindowW       10062eb0 f   LIBCMTD:dbgrptw.obj
 0002:0002a3b0       __invoke_watson_if_oneof   100633b0 f i LIBCMTD:dbgrptw.obj
 0002:0002a400       ?_CrtDbgReportW@@YAHHPBGH00ZZ 10063400 f   LIBCMTD:dbgrptw.obj
 0002:0002a450       __except_handler4          10063450 f   LIBCMTD:chandler4.obj
 0002:0002a700       __write                    10063700 f   LIBCMTD:write.obj
 0002:0002a700       _write                     10063700 f   LIBCMTD:write.obj
 0002:0002a9b0       __write_nolock             100639b0 f   LIBCMTD:write.obj
 0002:0002b7c0       __chsize_s                 100647c0 f   LIBCMTD:chsize.obj
 0002:0002bb00       __chsize_nolock            10064b00 f   LIBCMTD:chsize.obj
 0002:0002be40       __chsize                   10064e40 f   LIBCMTD:chsize.obj
 0002:0002be70       _read                      10064e70 f   LIBCMTD:read.obj
 0002:0002be70       __read                     10064e70 f   LIBCMTD:read.obj
 0002:0002c1b0       __read_nolock              100651b0 f   LIBCMTD:read.obj
 0002:0002d4d0       _close                     100664d0 f   LIBCMTD:close.obj
 0002:0002d4d0       __close                    100664d0 f   LIBCMTD:close.obj
 0002:0002d770       __close_nolock             10066770 f   LIBCMTD:close.obj
 0002:0002d870       __lseek                    10066870 f   LIBCMTD:lseek.obj
 0002:0002db20       __lseek_nolock             10066b20 f   LIBCMTD:lseek.obj
 0002:0002dc30       __cinit                    10066c30 f   LIBCMTD:crt0dat.obj
 0002:0002dd00       _exit                      10066d00 f   LIBCMTD:crt0dat.obj
 0002:0002dd20       __exit                     10066d20 f   LIBCMTD:crt0dat.obj
 0002:0002dd40       __cexit                    10066d40 f   LIBCMTD:crt0dat.obj
 0002:0002dd60       __c_exit                   10066d60 f   LIBCMTD:crt0dat.obj
 0002:0002dd80       __amsg_exit                10066d80 f   LIBCMTD:crt0dat.obj
 0002:0002ddb0       ___freeCrtMemory           10066db0 f   LIBCMTD:crt0dat.obj
 0002:0002e1c0       ___crtCorExitProcess       100671c0 f   LIBCMTD:crt0dat.obj
 0002:0002e210       ___crtExitProcess          10067210 f   LIBCMTD:crt0dat.obj
 0002:0002e240       __lockexit                 10067240 f   LIBCMTD:crt0dat.obj
 0002:0002e260       __unlockexit               10067260 f   LIBCMTD:crt0dat.obj
 0002:0002e280       __init_pointers            10067280 f   LIBCMTD:crt0dat.obj
 0002:0002e330       __initterm_e               10067330 f   LIBCMTD:crt0dat.obj
 0002:0002e380       __get_wpgmptr              10067380 f   LIBCMTD:crt0dat.obj
 0002:0002e4b0       __get_pgmptr               100674b0 f   LIBCMTD:crt0dat.obj
 0002:0002e5e0       __setmode                  100675e0 f   LIBCMTD:setmode.obj
 0002:0002e910       __setmode_nolock           10067910 f   LIBCMTD:setmode.obj
 0002:0002ec10       __set_fmode                10067c10 f   LIBCMTD:setmode.obj
 0002:0002ecf0       __get_fmode                10067cf0 f   LIBCMTD:setmode.obj
 0002:0002ed90       __flsbuf                   10067d90 f   LIBCMTD:_flsbuf.obj
 0002:0002f100       __output_l                 10068100 f   LIBCMTD:output.obj
 0002:00030a80       _get_int_arg               10069a80 f i LIBCMTD:output.obj
 0002:00030ab0       _get_int64_arg             10069ab0 f i LIBCMTD:output.obj
 0002:00030ae0       _get_short_arg             10069ae0 f i LIBCMTD:output.obj
 0002:00030b10       __vsnprintf_l              10069b10 f   LIBCMTD:vsnprint.obj
 0002:00030d40       _vsnprintf                 10069d40 f   LIBCMTD:vsnprint.obj
 0002:00030d40       __vsnprintf                10069d40 f   LIBCMTD:vsnprint.obj
 0002:00030d70       @__security_check_cookie@4 10069d70 f   LIBCMTD:secchk.obj
 0002:00030d90       ___updatetmbcinfo          10069d90 f   LIBCMTD:mbctype.obj
 0002:00030ee0       __setmbcp                  10069ee0 f   LIBCMTD:mbctype.obj
 0002:00031370       __setmbcp_nolock           1006a370 f   LIBCMTD:mbctype.obj
 0002:00031d50       __getmbcp                  1006ad50 f   LIBCMTD:mbctype.obj
 0002:00031de0       ___initmbctable            1006ade0 f   LIBCMTD:mbctype.obj
 0002:00031e10       ___addlocaleref            1006ae10 f   LIBCMTD:localref.obj
 0002:00031f80       ___removelocaleref         1006af80 f   LIBCMTD:localref.obj
 0002:00032100       ___freetlocinfo            1006b100 f   LIBCMTD:localref.obj
 0002:000324a0       __updatetlocinfoEx_nolock  1006b4a0 f   LIBCMTD:localref.obj
 0002:00032540       ___updatetlocinfo          1006b540 f   LIBCMTD:localref.obj
 0002:00032640       __encoded_null             1006b640 f   LIBCMTD:tidtable.obj
 0002:00032660       ___crtTlsAlloc@4           1006b660 f   LIBCMTD:tidtable.obj
 0002:00032680       ___fls_getvalue@4          1006b680 f   LIBCMTD:tidtable.obj
 0002:000326b0       ___get_flsindex            1006b6b0 f   LIBCMTD:tidtable.obj
 0002:000326c0       ___set_flsgetvalue         1006b6c0 f   LIBCMTD:tidtable.obj
 0002:00032720       ___fls_setvalue@8          1006b720 f   LIBCMTD:tidtable.obj
 0002:00032750       __mtinit                   1006b750 f   LIBCMTD:tidtable.obj
 0002:000329d0       __mtterm                   1006b9d0 f   LIBCMTD:tidtable.obj
 0002:00032a40       __initptd                  1006ba40 f   LIBCMTD:tidtable.obj
 0002:00032bb0       __getptd_noexit            1006bbb0 f   LIBCMTD:tidtable.obj
 0002:00032ca0       __getptd                   1006bca0 f   LIBCMTD:tidtable.obj
 0002:00032cd0       __freefls@4                1006bcd0 f   LIBCMTD:tidtable.obj
 0002:00032f60       __freeptd                  1006bf60 f   LIBCMTD:tidtable.obj
 0002:00033000       ___threadid                1006c000 f   LIBCMTD:tidtable.obj
 0002:00033010       ___threadhandle            1006c010 f   LIBCMTD:tidtable.obj
 0002:00033020       __malloc_dbg               1006c020 f   LIBCMTD:dbgheap.obj
 0002:00033060       __nh_malloc                1006c060 f   LIBCMTD:dbgheap.obj
 0002:00033090       __nh_malloc_dbg            1006c090 f   LIBCMTD:dbgheap.obj
 0002:00033190       __heap_alloc               1006c190 f   LIBCMTD:dbgheap.obj
 0002:00033660       __heap_alloc_dbg           1006c660 f   LIBCMTD:dbgheap.obj
 0002:000336d0       __calloc_dbg_impl          1006c6d0 f   LIBCMTD:dbgheap.obj
 0002:00033770       __calloc_dbg               1006c770 f   LIBCMTD:dbgheap.obj
 0002:000337e0       __recalloc                 1006c7e0 f   LIBCMTD:dbgheap.obj
 0002:00033820       __realloc_dbg              1006c820 f   LIBCMTD:dbgheap.obj
 0002:00034060       __recalloc_dbg             1006d060 f   LIBCMTD:dbgheap.obj
 0002:00034140       __expand                   1006d140 f   LIBCMTD:dbgheap.obj
 0002:00034170       __expand_dbg               1006d170 f   LIBCMTD:dbgheap.obj
 0002:000342c0       __free_nolock              1006d2c0 f   LIBCMTD:dbgheap.obj
 0002:000342e0       __free_dbg                 1006d2e0 f   LIBCMTD:dbgheap.obj
 0002:00034380       __free_dbg_nolock          1006d380 f   LIBCMTD:dbgheap.obj
 0002:000349a0       __msize                    1006d9a0 f   LIBCMTD:dbgheap.obj
 0002:000349c0       __msize_dbg                1006d9c0 f   LIBCMTD:dbgheap.obj
 0002:00034c20       __CrtSetBreakAlloc         1006dc20 f   LIBCMTD:dbgheap.obj
 0002:00034c50       __CrtSetDbgBlockType       1006dc50 f   LIBCMTD:dbgheap.obj
 0002:00034d70       __CrtSetAllocHook          1006dd70 f   LIBCMTD:dbgheap.obj
 0002:00034da0       __CrtGetAllocHook          1006dda0 f   LIBCMTD:dbgheap.obj
 0002:00034e00       __CrtCheckMemory           1006de00 f   LIBCMTD:dbgheap.obj
 0002:00035370       __CrtSetDbgFlag            1006e370 f   LIBCMTD:dbgheap.obj
 0002:00035510       __CrtDoForAllClientObjects 1006e510 f   LIBCMTD:dbgheap.obj
 0002:00035680       __CrtIsValidPointer        1006e680 f   LIBCMTD:dbgheap.obj
 0002:000356a0       __CrtIsValidHeapPointer    1006e6a0 f   LIBCMTD:dbgheap.obj
 0002:00035700       __CrtIsMemoryBlock         1006e700 f   LIBCMTD:dbgheap.obj
 0002:000358d0       __CrtReportBlockType       1006e8d0 f   LIBCMTD:dbgheap.obj
 0002:00035910       __CrtSetDumpClient         1006e910 f   LIBCMTD:dbgheap.obj
 0002:00035940       __CrtGetDumpClient         1006e940 f   LIBCMTD:dbgheap.obj
 0002:00035950       __CrtMemCheckpoint         1006e950 f   LIBCMTD:dbgheap.obj
 0002:00035bf0       __CrtMemDifference         1006ebf0 f   LIBCMTD:dbgheap.obj
 0002:00035e90       __CrtMemDumpAllObjectsSince 1006ee90 f   LIBCMTD:dbgheap.obj
 0002:000364c0       __CrtDumpMemoryLeaks       1006f4c0 f   LIBCMTD:dbgheap.obj
 0002:00036560       __CrtMemDumpStatistics     1006f560 f   LIBCMTD:dbgheap.obj
 0002:000366b0       __aligned_malloc           1006f6b0 f   LIBCMTD:dbgheap.obj
 0002:000366e0       __aligned_malloc_dbg       1006f6e0 f   LIBCMTD:dbgheap.obj
 0002:00036710       __aligned_realloc          1006f710 f   LIBCMTD:dbgheap.obj
 0002:00036740       __aligned_recalloc         1006f740 f   LIBCMTD:dbgheap.obj
 0002:00036770       __aligned_realloc_dbg      1006f770 f   LIBCMTD:dbgheap.obj
 0002:000367a0       __aligned_recalloc_dbg     1006f7a0 f   LIBCMTD:dbgheap.obj
 0002:000367e0       __aligned_offset_malloc    1006f7e0 f   LIBCMTD:dbgheap.obj
 0002:00036810       __aligned_offset_malloc_dbg 1006f810 f   LIBCMTD:dbgheap.obj
 0002:00036a40       __aligned_offset_realloc   1006fa40 f   LIBCMTD:dbgheap.obj
 0002:00036a70       __aligned_offset_recalloc  1006fa70 f   LIBCMTD:dbgheap.obj
 0002:00036aa0       __aligned_offset_realloc_dbg 1006faa0 f   LIBCMTD:dbgheap.obj
 0002:00036e50       __aligned_offset_recalloc_dbg 1006fe50 f   LIBCMTD:dbgheap.obj
 0002:00036f40       __aligned_free             1006ff40 f   LIBCMTD:dbgheap.obj
 0002:00036f60       __aligned_free_dbg         1006ff60 f   LIBCMTD:dbgheap.obj
 0002:00037040       __CrtSetDebugFillThreshold 10070040 f   LIBCMTD:dbgheap.obj
 0002:00037070       __CrtSetCheckCount         10070070 f   LIBCMTD:dbgheap.obj
 0002:00037090       __CrtGetCheckCount         10070090 f   LIBCMTD:dbgheap.obj
 0002:000370a0       __aligned_msize            100700a0 f   LIBCMTD:dbgheap.obj
 0002:000370d0       __aligned_msize_dbg        100700d0 f   LIBCMTD:dbgheap.obj
 0002:00037220       _strcpy_s                  10070220 f   LIBCMTD:strcpy_s.obj
 0002:000375b0       ___sys_nerr                100705b0 f   LIBCMTD:syserr.obj
 0002:000375c0       ___sys_errlist             100705c0 f   LIBCMTD:syserr.obj
 0002:000375d0       _strncpy_s                 100705d0 f   LIBCMTD:strncpy_s.obj
 0002:00037ac0       ___iob_func                10070ac0 f   LIBCMTD:_file.obj
 0002:00037ad0       ___initstdio               10070ad0 f   LIBCMTD:_file.obj
 0002:00037c70       ___endstdio                10070c70 f   LIBCMTD:_file.obj
 0002:00037cb0       __lock_file                10070cb0 f   LIBCMTD:_file.obj
 0002:00037d20       __lock_file2               10070d20 f   LIBCMTD:_file.obj
 0002:00037d70       __unlock_file              10070d70 f   LIBCMTD:_file.obj
 0002:00037de0       __unlock_file2             10070de0 f   LIBCMTD:_file.obj
 0002:00037e30       __openfile                 10070e30 f   LIBCMTD:_open.obj
 0002:000387e0       __getstream                100717e0 f   LIBCMTD:stream.obj
 0002:00038ae0       __local_unwind4            10071ae0 f   LIBCMTD:exsup4.obj
 0002:00038bb6       __seh_longjmp_unwind4@4    10071bb6 f   LIBCMTD:exsup4.obj
 0002:00038bd2       @_EH4_CallFilterFunc@8     10071bd2 f   LIBCMTD:exsup4.obj
 0002:00038be9       @_EH4_TransferToHandler@8  10071be9 f   LIBCMTD:exsup4.obj
 0002:00038c02       @_EH4_GlobalUnwind2@8      10071c02 f   LIBCMTD:exsup4.obj
 0002:00038c1b       @_EH4_LocalUnwind@16       10071c1b f   LIBCMTD:exsup4.obj
 0002:00038c90       __filbuf                   10071c90 f   LIBCMTD:_filbuf.obj
 0002:00038f70       __fileno                   10071f70 f   LIBCMTD:fileno.obj
 0002:00039000       _memcpy_s                  10072000 f   LIBCMTD:memcpy_s.obj
 0002:000391f0       _fflush                    100721f0 f   LIBCMTD:fflush.obj
 0002:000392b0       __fflush_nolock            100722b0 f   LIBCMTD:fflush.obj
 0002:00039320       __flush                    10072320 f   LIBCMTD:fflush.obj
 0002:00039410       __flushall                 10072410 f   LIBCMTD:fflush.obj
 0002:00039640       __freebuf                  10072640 f   LIBCMTD:_freebuf.obj
 0002:000396f0       __setenvp                  100726f0 f   LIBCMTD:stdenvp.obj
 0002:00039900       __setargv                  10072900 f   LIBCMTD:stdargv.obj
 0002:00039a60       __set_pgmptr               10072a60 f i LIBCMTD:stdargv.obj
 0002:00039ec0       ___crtGetEnvironmentStringsA 10072ec0 f   LIBCMTD:a_env.obj
 0002:0003a000       __RTC_Initialize           10073000 f   LIBCMTD:_initsect_.obj
 0002:0003a030       __RTC_Terminate            10073030 f   LIBCMTD:_initsect_.obj
 0002:0003a060       __heap_init                10073060 f   LIBCMTD:heapinit.obj
 0002:0003a0b0       __heap_term                100730b0 f   LIBCMTD:heapinit.obj
 0002:0003a0e0       __get_heap_handle          100730e0 f   LIBCMTD:heapinit.obj
 0002:0003a120       ___security_init_cookie    10073120 f   LIBCMTD:gs_support.obj
 0002:0003a240       ___CppXcptFilter           10073240 f   LIBCMTD:winxfltr.obj
 0002:0003a270       __XcptFilter               10073270 f   LIBCMTD:winxfltr.obj
 0002:0003a560       _DllMain@12                10073560 f   LIBCMTD:dllmain.obj
 0002:0003a580       __mtinitlocks              10073580 f   LIBCMTD:mlock.obj
 0002:0003a630       __mtdeletelocks            10073630 f   LIBCMTD:mlock.obj
 0002:0003a720       __mtinitlocknum            10073720 f   LIBCMTD:mlock.obj
 0002:0003a8c0       __lock                     100738c0 f   LIBCMTD:mlock.obj
 0002:0003a910       __unlock                   10073910 f   LIBCMTD:mlock.obj
 0002:0003a930       __lockerr_exit             10073930 f   LIBCMTD:mlock.obj
 0002:0003a960       __CrtDefaultAllocHook      10073960 f   LIBCMTD:dbghook.obj
 0002:0003a970       __crt_debugger_hook        10073970 f   LIBCMTD:dbghook.obj
 0002:0003a990       __CrtDbgBreak              10073990 f   LIBCMTD:dbgrptt.obj
 0002:0003a9a0       __CrtSetReportMode         100739a0 f   LIBCMTD:dbgrptt.obj
 0002:0003ab30       __CrtSetReportFile         10073b30 f   LIBCMTD:dbgrptt.obj
 0002:0003ac60       __CrtSetReportHook         10073c60 f   LIBCMTD:dbgrptt.obj
 0002:0003ac90       __CrtGetReportHook         10073c90 f   LIBCMTD:dbgrptt.obj
 0002:0003aca0       __VCrtDbgReportA           10073ca0 f   LIBCMTD:dbgrptt.obj
 0002:0003b6d0       __VCrtDbgReportW           100746d0 f   LIBCMTD:dbgrptt.obj
 0002:0003c250       __initp_misc_winsig        10075250 f   LIBCMTD:winsig.obj
 0002:0003c290       _signal                    10075290 f   LIBCMTD:winsig.obj
 0002:0003c840       _raise                     10075840 f   LIBCMTD:winsig.obj
 0002:0003cc90       ___get_sigabrt             10075c90 f   LIBCMTD:winsig.obj
 0002:0003ccb0       ___fpecode                 10075cb0 f   LIBCMTD:winsig.obj
 0002:0003ccd0       ___pxcptinfoptrs           10075cd0 f   LIBCMTD:winsig.obj
 0002:0003ccf0       ___crtMessageBoxW          10075cf0 f   LIBCMTD:crtmboxw.obj
 0002:0003cfa0       __swprintf                 10075fa0 f   LIBCMTD:swprintf.obj
 0002:0003d220       ___swprintf_l              10076220 f   LIBCMTD:swprintf.obj
 0002:0003d260       _swprintf_s                10076260 f   LIBCMTD:swprintf.obj
 0002:0003d2a0       __snwprintf_s              100762a0 f   LIBCMTD:swprintf.obj
 0002:0003d2e0       __swprintf_p               100762e0 f   LIBCMTD:swprintf.obj
 0002:0003d320       __swprintf_s_l             10076320 f   LIBCMTD:swprintf.obj
 0002:0003d360       __snwprintf_s_l            10076360 f   LIBCMTD:swprintf.obj
 0002:0003d3a0       __swprintf_p_l             100763a0 f   LIBCMTD:swprintf.obj
 0002:0003d3e0       __scwprintf                100763e0 f   LIBCMTD:swprintf.obj
 0002:0003d410       __scwprintf_p              10076410 f   LIBCMTD:swprintf.obj
 0002:0003d440       __scwprintf_l              10076440 f   LIBCMTD:swprintf.obj
 0002:0003d470       __scwprintf_p_l            10076470 f   LIBCMTD:swprintf.obj
 0002:0003d4a0       _wcslen                    100764a0 f   LIBCMTD:wcslen.obj
 0002:0003d4e0       _wcscpy_s                  100764e0 f   LIBCMTD:wcscpy_s.obj
 0002:0003d880       __ValidateImageBase        10076880 f   LIBCMTD:pesect.obj
 0002:0003d900       __FindPESection            10076900 f   LIBCMTD:pesect.obj
 0002:0003d9a0       __IsNonwritableInCurrentImage 100769a0 f   LIBCMTD:pesect.obj
 0002:0003db00       __putwch                   10076b00 f   LIBCMTD:putwch.obj
 0002:0003dbb0       __putwch_nolock            10076bb0 f   LIBCMTD:putwch.obj
 0002:0003dc20       __mbtowc_l                 10076c20 f   LIBCMTD:mbtowc.obj
 0002:0003dec0       _mbtowc                    10076ec0 f   LIBCMTD:mbtowc.obj
 0002:0003def0       __isleadbyte_l             10076ef0 f i LIBCMTD:_wctype.obj
 0002:0003df50       _isleadbyte                10076f50 f i LIBCMTD:_wctype.obj
 0002:0003df70       __iswalpha_l               10076f70 f i LIBCMTD:_wctype.obj
 0002:0003df90       _iswalpha                  10076f90 f i LIBCMTD:_wctype.obj
 0002:0003dfb0       __iswupper_l               10076fb0 f i LIBCMTD:_wctype.obj
 0002:0003dfd0       _iswupper                  10076fd0 f i LIBCMTD:_wctype.obj
 0002:0003dff0       __iswlower_l               10076ff0 f i LIBCMTD:_wctype.obj
 0002:0003e010       _iswlower                  10077010 f i LIBCMTD:_wctype.obj
 0002:0003e030       __iswdigit_l               10077030 f i LIBCMTD:_wctype.obj
 0002:0003e050       _iswdigit                  10077050 f i LIBCMTD:_wctype.obj
 0002:0003e070       __iswxdigit_l              10077070 f i LIBCMTD:_wctype.obj
 0002:0003e090       _iswxdigit                 10077090 f i LIBCMTD:_wctype.obj
 0002:0003e0b0       __iswspace_l               100770b0 f i LIBCMTD:_wctype.obj
 0002:0003e0d0       _iswspace                  100770d0 f i LIBCMTD:_wctype.obj
 0002:0003e0f0       __iswpunct_l               100770f0 f i LIBCMTD:_wctype.obj
 0002:0003e110       _iswpunct                  10077110 f i LIBCMTD:_wctype.obj
 0002:0003e130       __iswalnum_l               10077130 f i LIBCMTD:_wctype.obj
 0002:0003e150       _iswalnum                  10077150 f i LIBCMTD:_wctype.obj
 0002:0003e170       __iswprint_l               10077170 f i LIBCMTD:_wctype.obj
 0002:0003e190       _iswprint                  10077190 f i LIBCMTD:_wctype.obj
 0002:0003e1b0       __iswgraph_l               100771b0 f i LIBCMTD:_wctype.obj
 0002:0003e1d0       _iswgraph                  100771d0 f i LIBCMTD:_wctype.obj
 0002:0003e1f0       __iswcntrl_l               100771f0 f i LIBCMTD:_wctype.obj
 0002:0003e210       _iswcntrl                  10077210 f i LIBCMTD:_wctype.obj
 0002:0003e230       _iswascii                  10077230 f i LIBCMTD:_wctype.obj
 0002:0003e250       __iswcsym_l                10077250 f i LIBCMTD:_wctype.obj
 0002:0003e2a0       ___iswcsym                 100772a0 f i LIBCMTD:_wctype.obj
 0002:0003e2f0       __iswcsymf_l               100772f0 f i LIBCMTD:_wctype.obj
 0002:0003e340       ___iswcsymf                10077340 f i LIBCMTD:_wctype.obj
 0002:0003e390       __isatty                   10077390 f   LIBCMTD:isatty.obj
 0002:0003e480       __onexit                   10077480 f   LIBCMTD:onexit.obj
 0002:0003e6c0       _atexit                    100776c0 f   LIBCMTD:onexit.obj
 0002:0003e6f0       ___onexitinit              100776f0 f   LIBCMTD:onexit.obj
 0002:0003e760       __initp_misc_cfltcvt_tab   10077760 f   LIBCMTD:cmiscdat.obj
 0002:0003e7b0       __FF_MSGBANNER             100777b0 f   LIBCMTD:crt0msg.obj
 0002:0003e810       __GET_RTERRMSG             10077810 f   LIBCMTD:crt0msg.obj
 0002:0003e870       __NMSG_WRITE               10077870 f   LIBCMTD:crt0msg.obj
 0002:0003ec70       __initp_eh_hooks           10077c70 f   LIBCMTD:hooks.obj
 0002:0003ec90       ?terminate@@YAXXZ          10077c90 f   LIBCMTD:hooks.obj
 0002:0003ed30       ?unexpected@@YAXXZ         10077d30 f   LIBCMTD:hooks.obj
 0002:0003ed60       ?_inconsistency@@YAXXZ     10077d60 f   LIBCMTD:hooks.obj
 0002:0003ee10       __initp_misc_rand_s        10077e10 f   LIBCMTD:rand_s.obj
 0002:0003ee30       _rand_s                    10077e30 f   LIBCMTD:rand_s.obj
 0002:0003f0d0       ___getlocaleinfo           100780d0 f   LIBCMTD:inithelp.obj
 0002:0003f460       __initp_misc_purevirt      10078460 f   LIBCMTD:inithelp.obj
 0002:0003f480       __initp_heap_handler       10078480 f   LIBCMTD:handler.obj
 0002:0003f4a0       ?_set_new_handler@@YAP6AHI@ZP6AHI@Z@Z 100784a0 f   LIBCMTD:handler.obj
 0002:0003f4f0       ?_set_new_handler@@YAP6AHI@ZH@Z 100784f0 f   LIBCMTD:handler.obj
 0002:0003f540       ?_query_new_handler@@YAP6AHI@ZXZ 10078540 f   LIBCMTD:handler.obj
 0002:0003f560       __callnewh                 10078560 f   LIBCMTD:handler.obj
 0002:0003f5b0       __getbuf                   100785b0 f   LIBCMTD:_getbuf.obj
 0002:0003f6b0       _printf                    100786b0 f   LIBCMTD:printf.obj
 0002:0003f840       __printf_l                 10078840 f   LIBCMTD:printf.obj
 0002:0003f870       __printf_s_l               10078870 f   LIBCMTD:printf.obj
 0002:0003f8a0       _printf_s                  100788a0 f   LIBCMTD:printf.obj
 0002:0003f8d0       __printf_p_l               100788d0 f   LIBCMTD:printf.obj
 0002:0003f900       __printf_p                 10078900 f   LIBCMTD:printf.obj
 0002:0003f930       __set_printf_count_output  10078930 f   LIBCMTD:printf.obj
 0002:0003f990       __get_printf_count_output  10078990 f   LIBCMTD:printf.obj
 0002:0003f9c0       __wctomb_s_l               100789c0 f   LIBCMTD:wctomb.obj
 0002:0003fd80       _wctomb_s                  10078d80 f   LIBCMTD:wctomb.obj
 0002:0003fdb0       __wctomb_l                 10078db0 f   LIBCMTD:wctomb.obj
 0002:0003fe50       _wctomb                    10078e50 f   LIBCMTD:wctomb.obj
 0002:0003feb0       __aullrem                  10078eb0 f   LIBCMTD:ullrem.obj
 0002:0003ff50       ___report_gsfailure        10078f50 f   LIBCMTD:gs_report.obj
 0002:000400b0       ?_JumpToContinuation@@YGXPAXPAUEHRegistrationNode@@@Z 100790b0 f   LIBCMTD:_trnsctrl_.obj
 0002:00040100       ?_CallMemberFunction0@@YGXPAX0@Z 10079100 f   LIBCMTD:_trnsctrl_.obj
 0002:00040110       ?_CallMemberFunction1@@YGXPAX00@Z 10079110 f   LIBCMTD:_trnsctrl_.obj
 0002:00040120       ?_CallMemberFunction2@@YGXPAX00H@Z 10079120 f   LIBCMTD:_trnsctrl_.obj
 0002:00040130       ?_UnwindNestedFrames@@YGXPAUEHRegistrationNode@@PAUEHExceptionRecord@@@Z 10079130 f   LIBCMTD:_trnsctrl_.obj
 0002:000401a0       ___CxxFrameHandler         100791a0 f   LIBCMTD:_trnsctrl_.obj
 0002:000401f0       ___CxxFrameHandler3        100791f0 f   LIBCMTD:_trnsctrl_.obj
 0002:00040240       ___CxxFrameHandler2        10079240 f   LIBCMTD:_trnsctrl_.obj
 0002:00040290       ___CxxLongjmpUnwind@4      10079290 f   LIBCMTD:_trnsctrl_.obj
 0002:000402d0       ?_CallCatchBlock2@@YAPAXPAUEHRegistrationNode@@PBU_s_FuncInfo@@PAXHK@Z 100792d0 f   LIBCMTD:_trnsctrl_.obj
 0002:000403c0       ?_CallSETranslator@@YAHPAUEHExceptionRecord@@PAUEHRegistrationNode@@PAX2PBU_s_FuncInfo@@H1@Z 100793c0 f   LIBCMTD:_trnsctrl_.obj
 0002:000405d0       ?_GetRangeOfTrysToCheck@@YAPBU_s_TryBlockMapEntry@@PBU_s_FuncInfo@@HHPAI1@Z 100795d0 f   LIBCMTD:_trnsctrl_.obj
 0002:00040670       __CreateFrameInfo          10079670 f   LIBCMTD:_trnsctrl_.obj
 0002:000406b0       __IsExceptionObjectToBeDestroyed 100796b0 f   LIBCMTD:_trnsctrl_.obj
 0002:000406f0       __FindAndUnlinkFrame       100796f0 f   LIBCMTD:_trnsctrl_.obj
 0002:00040760       ___crtLCMapStringA         10079760 f   LIBCMTD:a_map.obj
 0002:00040b10       __MarkAllocaS              10079b10 f i LIBCMTD:a_map.obj
 0002:00040b40       __freea                    10079b40 f i LIBCMTD:a_map.obj
 0002:00040c20       ___crtGetStringTypeA       10079c20 f   LIBCMTD:a_str.obj
 0002:00040de0       ___init_time               10079de0 f   LIBCMTD:inittime.obj
 0002:00041e50       ___free_lc_time            1007ae50 f   LIBCMTD:inittime.obj
 0002:00042660       ___init_numeric            1007b660 f   LIBCMTD:initnum.obj
 0002:00042b00       ___free_lconv_num          1007bb00 f   LIBCMTD:initnum.obj
 0002:00042be0       ___init_monetary           1007bbe0 f   LIBCMTD:initmon.obj
 0002:00043340       ___free_lconv_mon          1007c340 f   LIBCMTD:initmon.obj
 0002:00043550       _localeconv                1007c550 f   LIBCMTD:lconv.obj
 0002:000435b0       ___pwctype_func            1007c5b0 f   LIBCMTD:ctype.obj
 0002:000435c0       ___pctype_func             1007c5c0 f   LIBCMTD:ctype.obj
 0002:00043620       __malloc_base              1007c620 f   LIBCMTD:malloc.obj
 0002:000436d0       __heap_alloc_base          1007c6d0 f i LIBCMTD:malloc.obj
 0002:00043740       __CrtSetReportHook2        1007c740 f   LIBCMTD:dbgrpt.obj
 0002:00043b30       __CrtDbgReport             1007cb30 f   LIBCMTD:dbgrpt.obj
 0002:00043b80       __CrtDbgReportV            1007cb80 f i LIBCMTD:dbgrpt.obj
 0002:00043bb0       ___crtMessageWindowA       1007cbb0 f   LIBCMTD:dbgrpt.obj
 0002:000440b0       __expand_base              1007d0b0 f   LIBCMTD:expand.obj
 0002:00044260       __realloc_base             1007d260 f   LIBCMTD:realloc.obj
 0002:000443a0       __free_base                1007d3a0 f   LIBCMTD:free.obj
 0002:00044410       __heapchk                  1007d410 f   LIBCMTD:heapchk.obj
 0002:00044450       __heapset                  1007d450 f   LIBCMTD:heapchk.obj
 0002:00044460       _sprintf                   1007d460 f   LIBCMTD:sprintf.obj
 0002:00044660       __sprintf_l                1007d660 f   LIBCMTD:sprintf.obj
 0002:000446a0       _sprintf_s                 1007d6a0 f   LIBCMTD:sprintf.obj
 0002:000446e0       __sprintf_s_l              1007d6e0 f   LIBCMTD:sprintf.obj
 0002:00044720       __snprintf_s               1007d720 f   LIBCMTD:sprintf.obj
 0002:00044760       __snprintf_s_l             1007d760 f   LIBCMTD:sprintf.obj
 0002:000447a0       __sprintf_p                1007d7a0 f   LIBCMTD:sprintf.obj
 0002:000447e0       __sprintf_p_l              1007d7e0 f   LIBCMTD:sprintf.obj
 0002:00044820       __scprintf                 1007d820 f   LIBCMTD:sprintf.obj
 0002:00044850       __scprintf_p               1007d850 f   LIBCMTD:sprintf.obj
 0002:00044880       __scprintf_l               1007d880 f   LIBCMTD:sprintf.obj
 0002:000448b0       __scprintf_p_l             1007d8b0 f   LIBCMTD:sprintf.obj
 0002:000448e0       __chvalidator              1007d8e0 f   LIBCMTD:isctype.obj
 0002:00044940       __chvalidator_l            1007d940 f   LIBCMTD:isctype.obj
 0002:00044a20       __isctype_l                1007da20 f   LIBCMTD:isctype.obj
 0002:00044b80       __isctype                  1007db80 f   LIBCMTD:isctype.obj
 0002:00044bd0       __fcloseall                1007dbd0 f   LIBCMTD:closeall.obj
 0002:00044d50       __open                     1007dd50 f   LIBCMTD:open.obj
 0002:00044d50       _open                      1007dd50 f   LIBCMTD:open.obj
 0002:00044f30       __sopen_helper             1007df30 f   LIBCMTD:open.obj
 0002:00046620       __sopen                    1007f620 f   LIBCMTD:open.obj
 0002:000466b0       __sopen_s                  1007f6b0 f   LIBCMTD:open.obj
 0002:000466e0       __mbsnbicmp_l              1007f6e0 f   LIBCMTD:mbsnbicm.obj
 0002:00046cb0       __mbsnbicmp                1007fcb0 f   LIBCMTD:mbsnbicm.obj
 0002:00046ce0       __mbsnbcmp_l               1007fce0 f   LIBCMTD:mbsnbcmp.obj
 0002:00047080       __mbsnbcmp                 10080080 f   LIBCMTD:mbsnbcmp.obj
 0002:000470b0       __global_unwind2           100800b0 f   LIBCMTD:exsup.obj
 0002:00047115       __local_unwind2            10080115 f   LIBCMTD:exsup.obj
 0002:00047199       __abnormal_termination     10080199 f   LIBCMTD:exsup.obj
 0002:000471bc       __NLG_Notify1              100801bc f   LIBCMTD:exsup.obj
 0002:000471c5       __NLG_Notify               100801c5 f   LIBCMTD:exsup.obj
 0002:000471dc       __NLG_Dispatch             100801dc     LIBCMTD:exsup.obj
 0002:000471dc       __NLG_Dispatch2            100801dc     LIBCMTD:exsup.obj
 0002:000471e4       __NLG_Call                 100801e4 f   LIBCMTD:exsup.obj
 0002:000471e6       __NLG_Return2              100801e6     LIBCMTD:exsup.obj
 0002:00047240       __commit                   10080240 f   LIBCMTD:commit.obj
 0002:000474e0       __ismbbkalnum_l            100804e0 f   LIBCMTD:ismbbyte.obj
 0002:00047510       __ismbbkalnum              10080510 f   LIBCMTD:ismbbyte.obj
 0002:00047530       __ismbbkprint_l            10080530 f   LIBCMTD:ismbbyte.obj
 0002:00047560       __ismbbkprint              10080560 f   LIBCMTD:ismbbyte.obj
 0002:00047580       __ismbbkpunct_l            10080580 f   LIBCMTD:ismbbyte.obj
 0002:000475b0       __ismbbkpunct              100805b0 f   LIBCMTD:ismbbyte.obj
 0002:000475d0       __ismbbalnum_l             100805d0 f   LIBCMTD:ismbbyte.obj
 0002:00047600       __ismbbalnum               10080600 f   LIBCMTD:ismbbyte.obj
 0002:00047630       __ismbbalpha_l             10080630 f   LIBCMTD:ismbbyte.obj
 0002:00047660       __ismbbalpha               10080660 f   LIBCMTD:ismbbyte.obj
 0002:00047690       __ismbbgraph_l             10080690 f   LIBCMTD:ismbbyte.obj
 0002:000476c0       __ismbbgraph               100806c0 f   LIBCMTD:ismbbyte.obj
 0002:000476f0       __ismbbprint_l             100806f0 f   LIBCMTD:ismbbyte.obj
 0002:00047720       __ismbbprint               10080720 f   LIBCMTD:ismbbyte.obj
 0002:00047750       __ismbbpunct_l             10080750 f   LIBCMTD:ismbbyte.obj
 0002:00047780       __ismbbpunct               10080780 f   LIBCMTD:ismbbyte.obj
 0002:000477a0       __ismbblead_l              100807a0 f   LIBCMTD:ismbbyte.obj
 0002:000477d0       __ismbblead                100807d0 f   LIBCMTD:ismbbyte.obj
 0002:000477f0       __ismbbtrail_l             100807f0 f   LIBCMTD:ismbbyte.obj
 0002:00047820       __ismbbtrail               10080820 f   LIBCMTD:ismbbyte.obj
 0002:00047840       __ismbbkana_l              10080840 f   LIBCMTD:ismbbyte.obj
 0002:000478d0       __ismbbkana                100808d0 f   LIBCMTD:ismbbyte.obj
 0002:000479f0       __mbstowcs_l_helper        100809f0 f   LIBCMTD:mbstowcs.obj
 0002:00047e20       __mbstowcs_l               10080e20 f   LIBCMTD:mbstowcs.obj
 0002:00047e50       _mbstowcs                  10080e50 f   LIBCMTD:mbstowcs.obj
 0002:00047eb0       __mbstowcs_s_l             10080eb0 f   LIBCMTD:mbstowcs.obj
 0002:00048310       _mbstowcs_s                10081310 f   LIBCMTD:mbstowcs.obj
 0002:00048340       _strcat_s                  10081340 f   LIBCMTD:strcat_s.obj
 0002:00048810       __vsnprintf_helper         10081810 f   LIBCMTD:vsnprnc.obj
 0002:00048a70       __vsnprintf_c              10081a70 f   LIBCMTD:vsnprnc.obj
 0002:00048ad0       __vsnprintf_c_l            10081ad0 f   LIBCMTD:vsnprnc.obj
 0002:00048b30       __vsprintf_s_l             10081b30 f   LIBCMTD:vsnprnc.obj
 0002:00048e30       _vsprintf_s                10081e30 f   LIBCMTD:vsnprnc.obj
 0002:00048e60       __vsnprintf_s_l            10081e60 f   LIBCMTD:vsnprnc.obj
 0002:000492e0       __vsnprintf_s              100822e0 f   LIBCMTD:vsnprnc.obj
 0002:00049310       __vsprintf_p               10082310 f   LIBCMTD:vsnprnc.obj
 0002:00049370       __vsprintf_p_l             10082370 f   LIBCMTD:vsnprnc.obj
 0002:000493d0       __itoa_s                   100823d0 f   LIBCMTD:xtoas.obj
 0002:00049880       __ltoa_s                   10082880 f   LIBCMTD:xtoas.obj
 0002:000498d0       __ultoa_s                  100828d0 f   LIBCMTD:xtoas.obj
 0002:00049900       __i64toa_s                 10082900 f   LIBCMTD:xtoas.obj
 0002:00049e00       __ui64toa_s                10082e00 f   LIBCMTD:xtoas.obj
 0002:00049e30       _wcscat_s                  10082e30 f   LIBCMTD:wcscat_s.obj
 0002:0004a310       __vswprintf_helper         10083310 f   LIBCMTD:vswprnc.obj
 0002:0004a600       __vswprintf_c              10083600 f   LIBCMTD:vswprnc.obj
 0002:0004a660       __vswprintf_c_l            10083660 f   LIBCMTD:vswprnc.obj
 0002:0004a6c0       __vswprintf_s_l            100836c0 f   LIBCMTD:vswprnc.obj
 0002:0004a9c0       _vswprintf_s               100839c0 f   LIBCMTD:vswprnc.obj
 0002:0004a9f0       __vsnwprintf_s_l           100839f0 f   LIBCMTD:vswprnc.obj
 0002:0004ae90       __vsnwprintf_s             10083e90 f   LIBCMTD:vswprnc.obj
 0002:0004aec0       __vswprintf_p              10083ec0 f   LIBCMTD:vswprnc.obj
 0002:0004af20       __vswprintf_p_l            10083f20 f   LIBCMTD:vswprnc.obj
 0002:0004af80       __itow_s                   10083f80 f   LIBCMTD:xtows.obj
 0002:0004b450       __ltow_s                   10084450 f   LIBCMTD:xtows.obj
 0002:0004b4a0       __ultow_s                  100844a0 f   LIBCMTD:xtows.obj
 0002:0004b4d0       __i64tow_s                 100844d0 f   LIBCMTD:xtows.obj
 0002:0004b9f0       __ui64tow_s                100849f0 f   LIBCMTD:xtows.obj
 0002:0004ba20       __woutput_l                10084a20 f   LIBCMTD:woutput.obj
 0002:0004d0b0       __vswprintf_l              100860b0 f   LIBCMTD:vswprint.obj
 0002:0004d320       __vswprintf                10086320 f   LIBCMTD:vswprint.obj
 0002:0004d350       ___vswprintf_l             10086350 f   LIBCMTD:vswprint.obj
 0002:0004d380       __vscwprintf_helper        10086380 f   LIBCMTD:vswprint.obj
 0002:0004d490       __vscwprintf               10086490 f   LIBCMTD:vswprint.obj
 0002:0004d4c0       __vscwprintf_l             100864c0 f   LIBCMTD:vswprint.obj
 0002:0004d4f0       __vscwprintf_p             100864f0 f   LIBCMTD:vswprint.obj
 0002:0004d520       __vscwprintf_p_l           10086520 f   LIBCMTD:vswprint.obj
 0002:0004d550       ___initconout              10086550 f   LIBCMTD:initcon.obj
 0002:0004d580       ___termconout              10086580 f   LIBCMTD:initcon.obj
 0002:0004d5b0       __iswctype_l               100865b0 f   LIBCMTD:iswctype.obj
 0002:0004d5d0       _iswctype                  100865d0 f   LIBCMTD:iswctype.obj
 0002:0004d650       _is_wctype                 10086650 f   LIBCMTD:iswctype.obj
 0002:0004d670       __fptrap                   10086670 f   LIBCMTD:crt0fp.obj
 0002:0004d690       __set_error_mode           10086690 f   LIBCMTD:errmode.obj
 0002:0004d780       ___set_app_type            10086780 f   LIBCMTD:errmode.obj
 0002:0004d7a0       _wcsncpy_s                 100867a0 f   LIBCMTD:wcsncpy_s.obj
 0002:0004dcb0       _abort                     10086cb0 f   LIBCMTD:abort.obj
 0002:0004dd30       __set_abort_behavior       10086d30 f   LIBCMTD:abort.obj
 0002:0004dd70       ___crtGetLocaleInfoA       10086d70 f   LIBCMTD:a_loc.obj
 0002:0004df20       __stbuf                    10086f20 f   LIBCMTD:_sftbuf.obj
 0002:0004e0d0       __ftbuf                    100870d0 f   LIBCMTD:_sftbuf.obj
 0002:0004e180       _vprintf_helper            10087180 f   LIBCMTD:vprintf.obj
 0002:0004e2e0       __vprintf_l                100872e0 f   LIBCMTD:vprintf.obj
 0002:0004e310       __vprintf_s_l              10087310 f   LIBCMTD:vprintf.obj
 0002:0004e340       __vprintf_p_l              10087340 f   LIBCMTD:vprintf.obj
 0002:0004e370       _vprintf                   10087370 f   LIBCMTD:vprintf.obj
 0002:0004e3a0       _vprintf_s                 100873a0 f   LIBCMTD:vprintf.obj
 0002:0004e3d0       __vprintf_p                100873d0 f   LIBCMTD:vprintf.obj
 0002:0004e400       ___init_ctype              10087400 f   LIBCMTD:initctyp.obj
 0002:0004eb20       ____mb_cur_max_func        10087b20 f   LIBCMTD:initctyp.obj
 0002:0004eb80       ____mb_cur_max_l_func      10087b80 f   LIBCMTD:initctyp.obj
 0002:0004ebc0       ____lc_codepage_func       10087bc0 f   LIBCMTD:initctyp.obj
 0002:0004ec20       ____lc_collate_cp_func     10087c20 f   LIBCMTD:initctyp.obj
 0002:0004ec80       ____lc_handle_func         10087c80 f   LIBCMTD:initctyp.obj
 0002:0004ece0       ___InternalCxxFrameHandler 10087ce0 f   LIBCMTD:frame.obj
 0002:0004f450       ??0bad_exception@std@@QAE@PBD@Z 10088450 f i LIBCMTD:frame.obj
 0002:0004f480       ??1bad_exception@std@@UAE@XZ 10088480 f i LIBCMTD:frame.obj
 0002:0004f4b0       ??_Ebad_exception@std@@UAEPAXI@Z 100884b0 f i LIBCMTD:frame.obj
 0002:0004f4b0       ??_Gbad_exception@std@@UAEPAXI@Z 100884b0 f i LIBCMTD:frame.obj
 0002:0004f4f0       ??0bad_exception@std@@QAE@ABV01@@Z 100884f0 f i LIBCMTD:frame.obj
 0002:0004f710       ___TypeMatch               10088710 f   LIBCMTD:frame.obj
 0002:0004f7f0       ___FrameUnwindFilter       100887f0 f   LIBCMTD:frame.obj
 0002:0004f890       ___FrameUnwindToState      10088890 f   LIBCMTD:frame.obj
 0002:0004ff20       ___BuildCatchObjectHelper  10088f20 f   LIBCMTD:frame.obj
 0002:00050230       ___BuildCatchObject        10089230 f   LIBCMTD:frame.obj
 0002:00050380       ___DestructExceptionObject 10089380 f   LIBCMTD:frame.obj
 0002:00050460       ___AdjustPointer           10089460 f   LIBCMTD:frame.obj
 0002:000504c0       ?__uncaught_exception@@YA_NXZ 100894c0 f   LIBCMTD:frame.obj
 0002:000504e0       ___CxxExceptionFilter      100894e0 f   LIBCMTD:frame.obj
 0002:00050750       ___CxxRegisterExceptionObject 10089750 f   LIBCMTD:frame.obj
 0002:000508d0       ___CxxDetectRethrow        100898d0 f   LIBCMTD:frame.obj
 0002:00050980       ___CxxUnregisterExceptionObject 10089980 f   LIBCMTD:frame.obj
 0002:00050b60       ___CxxQueryExceptionSize   10089b60 f   LIBCMTD:frame.obj
 0002:00050b70       ___CxxCallUnwindDtor       10089b70 f   LIBCMTD:frame.obj
 0002:00050c10       ___CxxCallUnwindDelDtor    10089c10 f   LIBCMTD:frame.obj
 0002:00050cb0       ___CxxCallUnwindStdDelDtor 10089cb0 f   LIBCMTD:frame.obj
 0002:00050d50       ___CxxCallUnwindVecDtor    10089d50 f   LIBCMTD:frame.obj
 0002:00051020       ?_is_exception_typeof@@YAHABVtype_info@@PAU_EXCEPTION_POINTERS@@@Z 1008a020 f   LIBCMTD:frame.obj
 0002:00051130       __CallSettingFrame@12      1008a130 f   LIBCMTD:lowhelpr.obj
 0002:00051157       __NLG_Return               1008a157     LIBCMTD:lowhelpr.obj
 0002:00051190       ___crtMessageBoxA          1008a190 f   LIBCMTD:crtmbox.obj
 0002:00051440       __vsprintf_l               1008a440 f   LIBCMTD:vsprintf.obj
 0002:00051640       _vsprintf                  1008a640 f   LIBCMTD:vsprintf.obj
 0002:00051670       __vscprintf_helper         1008a670 f   LIBCMTD:vsprintf.obj
 0002:00051780       __vscprintf                1008a780 f   LIBCMTD:vsprintf.obj
 0002:000517b0       __vscprintf_l              1008a7b0 f   LIBCMTD:vsprintf.obj
 0002:000517e0       __vscprintf_p              1008a7e0 f   LIBCMTD:vsprintf.obj
 0002:00051810       __vscprintf_p_l            1008a810 f   LIBCMTD:vsprintf.obj
 0002:00051840       ____setlc_active_func      1008a840 f   LIBCMTD:setlocal.obj
 0002:00051850       ____unguarded_readlc_active_add_func 1008a850 f   LIBCMTD:setlocal.obj
 0002:00051860       __configthreadlocale       1008a860 f   LIBCMTD:setlocal.obj
 0002:000519b0       __locterm                  1008a9b0 f   LIBCMTD:setlocal.obj
 0002:00051a70       __free_locale              1008aa70 f   LIBCMTD:setlocal.obj
 0002:00051c00       ___free_locale             1008ac00 f   LIBCMTD:setlocal.obj
 0002:00051c20       __create_locale            1008ac20 f   LIBCMTD:setlocal.obj
 0002:00051ee0       ___create_locale           1008aee0 f   LIBCMTD:setlocal.obj
 0002:00051f00       __get_current_locale       1008af00 f   LIBCMTD:setlocal.obj
 0002:00052060       ___get_current_locale      1008b060 f   LIBCMTD:setlocal.obj
 0002:00052070       _setlocale                 1008b070 f   LIBCMTD:setlocal.obj
 0002:000532d0       __expandlocale             1008c2d0 f   LIBCMTD:setlocal.obj
 0002:00053620       ___init_dummy              1008c620 f   LIBCMTD:setlocal.obj
 0002:00053630       __strcats                  1008c630 f   LIBCMTD:setlocal.obj
 0002:000536d0       ___lc_strtolc              1008c6d0 f   LIBCMTD:setlocal.obj
 0002:00053950       ___lc_lctostr              1008c950 f   LIBCMTD:setlocal.obj
 0002:00053a10       __strnicmp_l               1008ca10 f   LIBCMTD:strnicmp.obj
 0002:00053ce0       __strnicmp                 1008cce0 f   LIBCMTD:strnicmp.obj
 0002:00053ed0       _strncmp                   1008ced0 f   LIBCMTD:strncmp.obj
 0002:000540a0       __output_s_l               1008d0a0 f   LIBCMTD:outputs.obj
 0002:00055bd0       __validate_param_reuseA    1008ebd0 f   LIBCMTD:outputp.obj
 0002:00055ee0       __output_p_l               1008eee0 f   LIBCMTD:outputp.obj
 0002:0005a9e0       _get_crtdouble_arg         100939e0 f i LIBCMTD:outputp.obj
 0002:0005aa10       __woutput_s_l              10093a10 f   LIBCMTD:woutputs.obj
 0002:0005c240       __validate_param_reuseW    10095240 f   LIBCMTD:woutputp.obj
 0002:0005c550       __woutput_p_l              10095550 f   LIBCMTD:woutputp.obj
 0002:00060ad0       _fputwc                    10099ad0 f   LIBCMTD:fputwc.obj
 0002:00060c10       __fputwc_nolock            10099c10 f   LIBCMTD:fputwc.obj
 0002:00060fc0       _putwc                     10099fc0 f   LIBCMTD:fputwc.obj
 0002:00060fe0       ?_ValidateRead@@YAHPBXI@Z  10099fe0 f   LIBCMTD:validate.obj
 0002:00061010       ?_ValidateWrite@@YAHPAXI@Z 1009a010 f   LIBCMTD:validate.obj
 0002:00061040       ?_ValidateExecute@@YAHP6GHXZ@Z 1009a040 f   LIBCMTD:validate.obj
 0002:00061070       __CxxThrowException@8      1009a070 f   LIBCMTD:throw.obj
 0002:000610e0       ?name@type_info@@QBEPBDPAU__type_info_node@@@Z 1009a0e0 f   LIBCMTD:typinfo.obj
 0002:00061110       ??1type_info@@UAE@XZ       1009a110 f   LIBCMTD:typinfo.obj
 0002:00061140       ??_Gtype_info@@UAEPAXI@Z   1009a140 f i LIBCMTD:typinfo.obj
 0002:00061140       ??_Etype_info@@UAEPAXI@Z   1009a140 f i LIBCMTD:typinfo.obj
 0002:00061180       ?_name_internal_method@type_info@@QBEPBDPAU__type_info_node@@@Z 1009a180 f   LIBCMTD:typinfo.obj
 0002:000611b0       ?_type_info_dtor_internal_method@type_info@@QAEXXZ 1009a1b0 f   LIBCMTD:typinfo.obj
 0002:000611d0       ??8type_info@@QBE_NABV0@@Z 1009a1d0 f   LIBCMTD:typinfo.obj
 0002:00061210       ??9type_info@@QBE_NABV0@@Z 1009a210 f   LIBCMTD:typinfo.obj
 0002:00061250       ?before@type_info@@QBEHABV1@@Z 1009a250 f   LIBCMTD:typinfo.obj
 0002:00061290       ?raw_name@type_info@@QBEPBDXZ 1009a290 f   LIBCMTD:typinfo.obj
 0002:000612b0       ??0type_info@@AAE@ABV0@@Z  1009a2b0 f   LIBCMTD:typinfo.obj
 0002:000612e0       ??4type_info@@AAEAAV0@ABV0@@Z 1009a2e0 f   LIBCMTD:typinfo.obj
 0002:00061300       ??0exception@std@@QAE@XZ   1009a300 f   LIBCMTD:stdexcpt.obj
 0002:00061340       ??_Gexception@std@@UAEPAXI@Z 1009a340 f i LIBCMTD:stdexcpt.obj
 0002:00061340       ??_Eexception@std@@UAEPAXI@Z 1009a340 f i LIBCMTD:stdexcpt.obj
 0002:00061380       ??0exception@std@@QAE@ABQBD@Z 1009a380 f   LIBCMTD:stdexcpt.obj
 0002:000613d0       ??0exception@std@@QAE@ABQBDH@Z 1009a3d0 f   LIBCMTD:stdexcpt.obj
 0002:00061410       ??0exception@std@@QAE@ABV01@@Z 1009a410 f   LIBCMTD:stdexcpt.obj
 0002:00061460       ??4exception@std@@QAEAAV01@ABV01@@Z 1009a460 f   LIBCMTD:stdexcpt.obj
 0002:000614c0       ??1exception@std@@UAE@XZ   1009a4c0 f   LIBCMTD:stdexcpt.obj
 0002:000614f0       ?what@exception@std@@UBEPBDXZ 1009a4f0 f   LIBCMTD:stdexcpt.obj
 0002:00061530       ?_Copy_str@exception@std@@AAEXPBD@Z 1009a530 f   LIBCMTD:stdexcpt.obj
 0002:000615b0       ?_Tidy@exception@std@@AAEXXZ 1009a5b0 f   LIBCMTD:stdexcpt.obj
 0002:00061600       ??0bad_cast@std@@QAE@PBD@Z 1009a600 f   LIBCMTD:stdexcpt.obj
 0002:00061630       ??_Ebad_cast@std@@UAEPAXI@Z 1009a630 f i LIBCMTD:stdexcpt.obj
 0002:00061630       ??_Gbad_cast@std@@UAEPAXI@Z 1009a630 f i LIBCMTD:stdexcpt.obj
 0002:00061670       ??0bad_cast@std@@QAE@ABV01@@Z 1009a670 f   LIBCMTD:stdexcpt.obj
 0002:000616a0       ??1bad_cast@std@@UAE@XZ    1009a6a0 f   LIBCMTD:stdexcpt.obj
 0002:000616d0       ??0bad_typeid@std@@QAE@PBD@Z 1009a6d0 f   LIBCMTD:stdexcpt.obj
 0002:00061700       ??_Gbad_typeid@std@@UAEPAXI@Z 1009a700 f i LIBCMTD:stdexcpt.obj
 0002:00061700       ??_Ebad_typeid@std@@UAEPAXI@Z 1009a700 f i LIBCMTD:stdexcpt.obj
 0002:00061740       ??0bad_typeid@std@@QAE@ABV01@@Z 1009a740 f   LIBCMTD:stdexcpt.obj
 0002:00061770       ??1bad_typeid@std@@UAE@XZ  1009a770 f   LIBCMTD:stdexcpt.obj
 0002:000617a0       ??0__non_rtti_object@std@@QAE@PBD@Z 1009a7a0 f   LIBCMTD:stdexcpt.obj
 0002:000617d0       ??_E__non_rtti_object@std@@UAEPAXI@Z 1009a7d0 f i LIBCMTD:stdexcpt.obj
 0002:000617d0       ??_G__non_rtti_object@std@@UAEPAXI@Z 1009a7d0 f i LIBCMTD:stdexcpt.obj
 0002:00061810       ??0__non_rtti_object@std@@QAE@ABV01@@Z 1009a810 f   LIBCMTD:stdexcpt.obj
 0002:00061840       ??1__non_rtti_object@std@@UAE@XZ 1009a840 f   LIBCMTD:stdexcpt.obj
 0002:00061870       ??3@YAXPAX@Z               1009a870 f   LIBCMTD:dbgdel.obj
 0002:00061990       _memmove                   1009a990 f   LIBCMTD:memmove.obj
 0002:00061dd0       ___init_collate            1009add0 f   LIBCMTD:initcoll.obj
 0002:00061de0       _strcspn                   1009ade0 f   LIBCMTD:strcspn.obj
 0002:00061e40       _strpbrk                   1009ae40 f   LIBCMTD:strpbrk.obj
 0002:00061e90       _memcmp                    1009ae90 f   LIBCMTD:memcmp.obj
 0002:00062bb0       ___get_qualified_locale    1009bbb0 f   LIBCMTD:getqloc.obj
 0002:00063d80       __tolower                  1009cd80 f   LIBCMTD:tolower.obj
 0002:00063d90       __tolower_l                1009cd90 f   LIBCMTD:tolower.obj
 0002:00063fe0       _tolower                   1009cfe0 f   LIBCMTD:tolower.obj
 0002:00064040       ___ascii_strnicmp          1009d040 f   LIBCMTD:_strnicm.obj
 0002:000640c0       _strtol                    1009d0c0 f   LIBCMTD:strtol.obj
 0002:00064740       __strtol_l                 1009d740 f   LIBCMTD:strtol.obj
 0002:00064770       _strtoul                   1009d770 f   LIBCMTD:strtol.obj
 0002:000647d0       __strtoul_l                1009d7d0 f   LIBCMTD:strtol.obj
 0002:00064800       _wcstol                    1009d800 f   LIBCMTD:wcstol.obj
 0002:00064cc0       __wcstol_l                 1009dcc0 f   LIBCMTD:wcstol.obj
 0002:00064cf0       _wcstoul                   1009dcf0 f   LIBCMTD:wcstol.obj
 0002:00064d20       __wcstoul_l                1009dd20 f   LIBCMTD:wcstol.obj
 0002:00064d50       __flswbuf                  1009dd50 f   LIBCMTD:_flswbuf.obj
 0002:000650e0       ?_Type_info_dtor@type_info@@CAXPAV1@@Z 1009e0e0 f   LIBCMTD:typname.obj
 0002:00065230       ?_Name_base@type_info@@CAPBDPBV1@PAU__type_info_node@@@Z 1009e230 f   LIBCMTD:typname.obj
 0002:00065440       ?_Type_info_dtor_internal@type_info@@CAXPAV1@@Z 1009e440 f   LIBCMTD:typname.obj
 0002:00065590       ___unDNameHelper           1009e590 f   LIBCMTD:typname.obj
 0002:000655e0       ?_Name_base_internal@type_info@@CAPBDPBV1@PAU__type_info_node@@@Z 1009e5e0 f   LIBCMTD:typname.obj
 0002:00065810       ___clean_type_info_names_internal 1009e810 f   LIBCMTD:typname.obj
 0002:000658f0       __stricmp_l                1009e8f0 f   LIBCMTD:stricmp.obj
 0002:00065b00       ___ascii_stricmp           1009eb00 f   LIBCMTD:stricmp.obj
 0002:00065b90       __stricmp                  1009eb90 f   LIBCMTD:stricmp.obj
 0002:00065ce0       _atol                      1009ece0 f   LIBCMTD:atox.obj
 0002:00065d00       __atol_l                   1009ed00 f   LIBCMTD:atox.obj
 0002:00065d30       _atoi                      1009ed30 f   LIBCMTD:atox.obj
 0002:00065d50       __atoi_l                   1009ed50 f   LIBCMTD:atox.obj
 0002:00065d70       __atoi64                   1009ed70 f   LIBCMTD:atox.obj
 0002:00065d90       __atoi64_l                 1009ed90 f   LIBCMTD:atox.obj
 0002:00065dc0       __wchartodigit             1009edc0 f   LIBCMTD:wchtodig.obj
 0002:000661b0       ___unDName                 1009f1b0 f   LIBCMTD:undname.obj
 0002:000662c0       ?Constructor@_HeapManager@@QAEXP6APAXI@ZP6AXPAX@Z@Z 1009f2c0 f i LIBCMTD:undname.obj
 0002:00066310       ?Destructor@_HeapManager@@QAEXXZ 1009f310 f i LIBCMTD:undname.obj
 0002:00066370       ___unDNameEx               1009f370 f   LIBCMTD:undname.obj
 0002:00066480       ??0UnDecorator@@QAE@PADPBDHP6APADJ@ZK@Z 1009f480 f i LIBCMTD:undname.obj
 0002:00066540       ??BUnDecorator@@QAEPADXZ   1009f540 f i LIBCMTD:undname.obj
 0002:00066800       ?dbGetString@DName@@QBEPADXZ 1009f800 f   LIBCMTD:undname.obj
 0002:00066830       ?getDecoratedName@UnDecorator@@CA?AVDName@@XZ 1009f830 f   LIBCMTD:undname.obj
 0002:00066c10       ?getSymbolName@UnDecorator@@CA?AVDName@@XZ 1009fc10 f i LIBCMTD:undname.obj
 0002:00066ca0       ?getZName@UnDecorator@@CA?AVDName@@_N0@Z 1009fca0 f   LIBCMTD:undname.obj
 0002:00066ff0       ?getOperatorName@UnDecorator@@CA?AVDName@@_NPA_N@Z 1009fff0 f i LIBCMTD:undname.obj
 0002:00067bb0       ?getStringEncoding@UnDecorator@@CA?AVDName@@PADH@Z 100a0bb0 f   LIBCMTD:undname.obj
 0002:00067cf0       ?getScope@UnDecorator@@CA?AVDName@@XZ 100a0cf0 f   LIBCMTD:undname.obj
 0002:000681c0       ?getSignedDimension@UnDecorator@@CA?AVDName@@XZ 100a11c0 f   LIBCMTD:undname.obj
 0002:00068260       ?getDimension@UnDecorator@@CA?AVDName@@_N@Z 100a1260 f   LIBCMTD:undname.obj
 0002:000685c0       ?getNumberOfDimensions@UnDecorator@@CAHXZ 100a15c0 f   LIBCMTD:undname.obj
 0002:00068700       ?getTemplateName@UnDecorator@@CA?AVDName@@_N@Z 100a1700 f   LIBCMTD:undname.obj
 0002:00068930       ?getTemplateArgumentList@UnDecorator@@CA?AVDName@@XZ 100a1930 f   LIBCMTD:undname.obj
 0002:00068c50       ?getTemplateConstant@UnDecorator@@CA?AVDName@@XZ 100a1c50 f   LIBCMTD:undname.obj
 0002:00069200       ?composeDeclaration@UnDecorator@@CA?AVDName@@ABV2@@Z 100a2200 f i LIBCMTD:undname.obj
 0002:0006ad70       ?getTypeEncoding@UnDecorator@@CAHXZ 100a3d70 f i LIBCMTD:undname.obj
 0002:0006ba40       ?getBasedType@UnDecorator@@CA?AVDName@@XZ 100a4a40 f   LIBCMTD:undname.obj
 0002:0006bb30       ?getScopedName@UnDecorator@@CA?AVDName@@XZ 100a4b30 f   LIBCMTD:undname.obj
 0002:0006bc90       ?getCallingConvention@UnDecorator@@CA?AVDName@@XZ 100a4c90 f   LIBCMTD:undname.obj
 0002:0006be60       ?getReturnType@UnDecorator@@CA?AVDName@@PAV2@@Z 100a4e60 f   LIBCMTD:undname.obj
 0002:0006bec0       ?getDataType@UnDecorator@@CA?AVDName@@PAV2@@Z 100a4ec0 f   LIBCMTD:undname.obj
 0002:0006c020       ?getPrimaryDataType@UnDecorator@@CA?AVDName@@ABV2@@Z 100a5020 f   LIBCMTD:undname.obj
 0002:0006c4a0       ?getArgumentTypes@UnDecorator@@CA?AVDName@@XZ 100a54a0 f   LIBCMTD:undname.obj
 0002:0006c650       ?getArgumentList@UnDecorator@@CA?AVDName@@XZ 100a5650 f   LIBCMTD:undname.obj
 0002:0006c7f0       ?getThrowTypes@UnDecorator@@CA?AVDName@@XZ 100a57f0 f   LIBCMTD:undname.obj
 0002:0006c8d0       ?getBasicDataType@UnDecorator@@CA?AVDName@@ABV2@@Z 100a58d0 f   LIBCMTD:undname.obj
 0002:0006d000       ?getECSUDataType@UnDecorator@@CA?AVDName@@XZ 100a6000 f   LIBCMTD:undname.obj
 0002:0006d250       ?getECSUName@UnDecorator@@CA?AVDName@@XZ 100a6250 f i LIBCMTD:undname.obj
 0002:0006d270       ?getEnumType@UnDecorator@@CA?AVDName@@XZ 100a6270 f i LIBCMTD:undname.obj
 0002:0006d410       ?getFunctionIndirectType@UnDecorator@@CA?AVDName@@ABV2@@Z 100a6410 f   LIBCMTD:undname.obj
 0002:0006d960       ?getPtrRefType@UnDecorator@@CA?AVDName@@ABV2@0PBD@Z 100a6960 f   LIBCMTD:undname.obj
 0002:0006db20       ?getExtendedDataIndirectType@UnDecorator@@CA?AVDName@@AAPBDAA_NH@Z 100a6b20 f   LIBCMTD:undname.obj
 0002:0006ddd0       ?getDataIndirectType@UnDecorator@@CA?AVDName@@ABV2@PBD0H@Z 100a6dd0 f   LIBCMTD:undname.obj
 0002:0006e690       ?getPtrRefDataType@UnDecorator@@CA?AVDName@@ABV2@H@Z 100a7690 f i LIBCMTD:undname.obj
 0002:0006e820       ?getArrayType@UnDecorator@@CA?AVDName@@ABV2@@Z 100a7820 f i LIBCMTD:undname.obj
 0002:0006eae0       ?getLexicalFrame@UnDecorator@@CA?AVDName@@XZ 100a7ae0 f i LIBCMTD:undname.obj
 0002:0006eb30       ?getThisType@UnDecorator@@CA?AVDName@@XZ 100a7b30 f i LIBCMTD:undname.obj
 0002:0006eb80       ?getPointerType@UnDecorator@@CA?AVDName@@ABV2@0@Z 100a7b80 f i LIBCMTD:undname.obj
 0002:0006ebc0       ?getPointerTypeArray@UnDecorator@@CA?AVDName@@ABV2@0@Z 100a7bc0 f i LIBCMTD:undname.obj
 0002:0006ec00       ?getReferenceType@UnDecorator@@CA?AVDName@@ABV2@0PBD@Z 100a7c00 f i LIBCMTD:undname.obj
 0002:0006ec30       ?getDisplacement@UnDecorator@@CA?AVDName@@XZ 100a7c30 f i LIBCMTD:undname.obj
 0002:0006ec50       ?getCallIndex@UnDecorator@@CA?AVDName@@XZ 100a7c50 f i LIBCMTD:undname.obj
 0002:0006ec70       ?getGuardNumber@UnDecorator@@CA?AVDName@@XZ 100a7c70 f i LIBCMTD:undname.obj
 0002:0006ec90       ?getVbTableType@UnDecorator@@CA?AVDName@@ABV2@@Z 100a7c90 f i LIBCMTD:undname.obj
 0002:0006ecb0       ?getVCallThunkType@UnDecorator@@CA?AVDName@@XZ 100a7cb0 f i LIBCMTD:undname.obj
 0002:0006ed30       ?getVfTableType@UnDecorator@@CA?AVDName@@ABV2@@Z 100a7d30 f i LIBCMTD:undname.obj
 0002:0006ef60       ?getStorageConvention@UnDecorator@@CA?AVDName@@XZ 100a7f60 f i LIBCMTD:undname.obj
 0002:0006ef80       ?getDataIndirectType@UnDecorator@@CA?AVDName@@XZ 100a7f80 f i LIBCMTD:undname.obj
 0002:0006efd0       ?getVdispMapType@UnDecorator@@CA?AVDName@@ABV2@@Z 100a7fd0 f i LIBCMTD:undname.obj
 0002:0006f060       ?getExternalDataType@UnDecorator@@CA?AVDName@@ABV2@@Z 100a8060 f i LIBCMTD:undname.obj
 0002:0006f120       ?doMSKeywords@UnDecorator@@SAHXZ 100a8120 f i LIBCMTD:undname.obj
 0002:0006f140       ?doPtr64@UnDecorator@@SAHXZ 100a8140 f i LIBCMTD:undname.obj
 0002:0006f160       ?doFunctionReturns@UnDecorator@@SAHXZ 100a8160 f i LIBCMTD:undname.obj
 0002:0006f180       ?doAllocationModel@UnDecorator@@SAHXZ 100a8180 f i LIBCMTD:undname.obj
 0002:0006f1a0       ?doAllocationLanguage@UnDecorator@@SAHXZ 100a81a0 f i LIBCMTD:undname.obj
 0002:0006f1c0       ?doThisTypes@UnDecorator@@SAHXZ 100a81c0 f i LIBCMTD:undname.obj
 0002:0006f1e0       ?doAccessSpecifiers@UnDecorator@@SAHXZ 100a81e0 f i LIBCMTD:undname.obj
 0002:0006f200       ?doThrowTypes@UnDecorator@@SAHXZ 100a8200 f i LIBCMTD:undname.obj
 0002:0006f220       ?doMemberTypes@UnDecorator@@SAHXZ 100a8220 f i LIBCMTD:undname.obj
 0002:0006f240       ?doNameOnly@UnDecorator@@SAHXZ 100a8240 f i LIBCMTD:undname.obj
 0002:0006f260       ?doTypeOnly@UnDecorator@@SAHXZ 100a8260 f i LIBCMTD:undname.obj
 0002:0006f280       ?haveTemplateParameters@UnDecorator@@SAHXZ 100a8280 f i LIBCMTD:undname.obj
 0002:0006f2a0       ?doEcsu@UnDecorator@@SAHXZ 100a82a0 f i LIBCMTD:undname.obj
 0002:0006f2c0       ?doEllipsis@UnDecorator@@SAHXZ 100a82c0 f i LIBCMTD:undname.obj
 0002:0006f2e0       ?UScore@UnDecorator@@SAPBDW4Tokens@@@Z 100a82e0 f   LIBCMTD:undname.obj
 0002:0006f320       ?doUnderScore@UnDecorator@@SAHXZ 100a8320 f i LIBCMTD:undname.obj
 0002:0006f340       ??2@YAPAXIAAV_HeapManager@@H@Z 100a8340 f i LIBCMTD:undname.obj
 0002:0006f360       ?getMemory@_HeapManager@@QAEPAXIH@Z 100a8360 f   LIBCMTD:undname.obj
 0002:0006f4b0       ??0Block@_HeapManager@@QAE@XZ 100a84b0 f i LIBCMTD:undname.obj
 0002:0006f4d0       ??H@YA?AVDName@@DABV0@@Z   100a84d0 f i LIBCMTD:undname.obj
 0002:0006f510       ??H@YA?AVDName@@W4DNameStatus@@ABV0@@Z 100a8510 f i LIBCMTD:undname.obj
 0002:0006f550       ??H@YA?AVDName@@PBDABV0@@Z 100a8550 f i LIBCMTD:undname.obj
 0002:0006f590       ??0DName@@QAE@XZ           100a8590 f i LIBCMTD:undname.obj
 0002:0006f680       ??0DName@@QAE@D@Z          100a8680 f   LIBCMTD:undname.obj
 0002:0006f790       ??0DName@@QAE@ABV0@@Z      100a8790 f i LIBCMTD:undname.obj
 0002:0006f7c0       ??0DName@@QAE@PAV0@@Z      100a87c0 f   LIBCMTD:undname.obj
 0002:0006f940       ??0DName@@QAE@PBD@Z        100a8940 f   LIBCMTD:undname.obj
[...]
 0003:000138ac       ??_R4bad_exception@std@@6B@ 100c18ac     LIBCMTD:frame.obj
 0003:000138c4       ??_R3bad_exception@std@@8  100c18c4     LIBCMTD:frame.obj
 0003:000138d8       ??_R2bad_exception@std@@8  100c18d8     LIBCMTD:frame.obj
 0003:000138e4       ??_R1A@?0A@EA@bad_exception@std@@8 100c18e4     LIBCMTD:frame.obj
 0003:00013908       ??_R1A@?0A@EA@exception@std@@8 100c1908     LIBCMTD:frame.obj
 0003:0001392c       ??_R3exception@std@@8      100c192c     LIBCMTD:frame.obj
 0003:00013940       ??_R2exception@std@@8      100c1940     LIBCMTD:frame.obj
 0003:00013948       ??_R4type_info@@6B@        100c1948     LIBCMTD:typinfo.obj
 0003:00013960       ??_R3type_info@@8          100c1960     LIBCMTD:typinfo.obj
 0003:00013974       ??_R2type_info@@8          100c1974     LIBCMTD:typinfo.obj
 0003:0001397c       ??_R1A@?0A@EA@type_info@@8 100c197c     LIBCMTD:typinfo.obj
 0003:000139a0       ??_R4exception@std@@6B@    100c19a0     LIBCMTD:stdexcpt.obj
 0003:000139b8       ??_R4bad_cast@std@@6B@     100c19b8     LIBCMTD:stdexcpt.obj
 0003:000139d0       ??_R3bad_cast@std@@8       100c19d0     LIBCMTD:stdexcpt.obj
 0003:000139e4       ??_R2bad_cast@std@@8       100c19e4     LIBCMTD:stdexcpt.obj
 0003:000139f0       ??_R1A@?0A@EA@bad_cast@std@@8 100c19f0     LIBCMTD:stdexcpt.obj
 0003:00013a14       ??_R4bad_typeid@std@@6B@   100c1a14     LIBCMTD:stdexcpt.obj
 0003:00013a2c       ??_R3bad_typeid@std@@8     100c1a2c     LIBCMTD:stdexcpt.obj
 0003:00013a40       ??_R2bad_typeid@std@@8     100c1a40     LIBCMTD:stdexcpt.obj
 0003:00013a4c       ??_R1A@?0A@EA@bad_typeid@std@@8 100c1a4c     LIBCMTD:stdexcpt.obj
 0003:00013a70       ??_R4__non_rtti_object@std@@6B@ 100c1a70     LIBCMTD:stdexcpt.obj
 0003:00013a88       ??_R3__non_rtti_object@std@@8 100c1a88     LIBCMTD:stdexcpt.obj
 0003:00013a9c       ??_R2__non_rtti_object@std@@8 100c1a9c     LIBCMTD:stdexcpt.obj
 0003:00013aac       ??_R1A@?0A@EA@__non_rtti_object@std@@8 100c1aac     LIBCMTD:stdexcpt.obj
 0003:00013bdc       ___rtc_iaa                 100c1bdc     LIBCMTD:_initsect_.obj
 0003:00013ce0       ___rtc_izz                 100c1ce0     LIBCMTD:_initsect_.obj
 0003:00013de4       ___rtc_taa                 100c1de4     LIBCMTD:_initsect_.obj
 0003:00013ee8       ___rtc_tzz                 100c1ee8     LIBCMTD:_initsect_.obj
 0003:00014870       __TI2?AVbad_exception@std@@ 100c2870     LIBCMTD:frame.obj
 0003:00014884       __CTA2?AVbad_exception@std@@ 100c2884     LIBCMTD:frame.obj
 0003:00014894       __CT??_R0?AVbad_exception@std@@@8??0bad_exception@std@@QAE@ABV01@@Z12 100c2894     LIBCMTD:frame.obj
 0003:000148b4       __CT??_R0?AVexception@std@@@8??0exception@std@@QAE@ABV01@@Z12 100c28b4     LIBCMTD:frame.obj
 0004:000001d0       ___badioinfo               100c51d0     LIBCMTD:ioinit.obj
 0004:00000220       ___security_cookie         100c5220     LIBCMTD:gs_cookie.obj
 0004:00000224       ___security_cookie_complement 100c5224     LIBCMTD:gs_cookie.obj
 0004:00000228       __lookuptrailbytes         100c5228     LIBCMTD:read.obj
 0004:0000035c       ___nullstring              100c535c     LIBCMTD:output.obj
 0004:00000360       ___wnullstring             100c5360     LIBCMTD:output.obj
 0004:00000368       ___initialmbcinfo          100c5368     LIBCMTD:mbctype.obj
 0004:00000588       __mbctype                  100c5588     LIBCMTD:mbctype.obj
 0004:00000690       __mbcasemap                100c5690     LIBCMTD:mbctype.obj
 0004:00000790       ___ptmbcinfo               100c5790     LIBCMTD:mbctype.obj
 0004:00000990       ___globallocalestatus      100c5990     LIBCMTD:glstatus.obj
 0004:00000994       ___clocalestr              100c5994     LIBCMTD:nlsdata2.obj
 0004:00000998       ___lc_time_c               100c5998     LIBCMTD:nlsdata2.obj
 0004:00000b48       ___initiallocinfo          100c5b48     LIBCMTD:nlsdata2.obj
 0004:00000c4c       ___ptlocinfo               100c5c4c     LIBCMTD:nlsdata2.obj
 0004:00000c50       ___initiallocalestructinfo 100c5c50     LIBCMTD:nlsdata2.obj
 0004:00000c5c       ___flsindex                100c5c5c     LIBCMTD:tidtable.obj
 0004:00000c60       ___getvalueindex           100c5c60     LIBCMTD:tidtable.obj
 0004:00000c68       __crtDbgFlag               100c5c68     LIBCMTD:dbgheap.obj
 0004:00000c6c       ___crtDebugFillThreshold   100c5c6c     LIBCMTD:dbgheap.obj
 0004:00000c74       __crtBreakAlloc            100c5c74     LIBCMTD:dbgheap.obj
 0004:00000c80       __sys_errlist              100c5c80     LIBCMTD:syserr.obj
 0004:00000d30       __sys_nerr                 100c5d30     LIBCMTD:syserr.obj
 0004:00000d58       __iob                      100c5d58     LIBCMTD:_file.obj
 0004:000011bc       __pfnAllocHook             100c61bc     LIBCMTD:dbghook.obj
 0004:000011c0       __crtAssertBusy            100c61c0     LIBCMTD:dbgrptt.obj
 0004:000011c4       __CrtDbgMode               100c61c4     LIBCMTD:dbgrptt.obj
 0004:000011d0       __CrtDbgFile               100c61d0     LIBCMTD:dbgrptt.obj
 0004:000011e4       __cfltcvt_tab              100c61e4     LIBCMTD:cmiscdat.obj
 0004:00001220       ___lconv_static_decimal    100c6220     LIBCMTD:lconv.obj
 0004:00001224       ___lconv_static_W_decimal  100c6224     LIBCMTD:lconv.obj
 0004:00001228       ___lconv_c                 100c6228     LIBCMTD:lconv.obj
 0004:00001278       ___lconv                   100c6278     LIBCMTD:lconv.obj
 0004:00001290       __pctype                   100c6290     LIBCMTD:ctype.obj
 0004:00001294       __pwctype                  100c6294     LIBCMTD:ctype.obj
 0004:000012a0       __NLG_Destination          100c62a0     LIBCMTD:exsup.obj
 0004:000012b4       __confh                    100c62b4     LIBCMTD:initcon.obj
 0004:000012b8       ___abort_behavior          100c62b8     LIBCMTD:abort.obj
 0004:000012bc       ??_R0?AVbad_exception@std@@@8 100c62bc     LIBCMTD:frame.obj
 0004:000012e4       ??_R0?AVexception@std@@@8  100c62e4     LIBCMTD:frame.obj
 0004:00001314       ??_R0?AVtype_info@@@8      100c6314     LIBCMTD:typinfo.obj
 0004:00001330       ??_R0?AVbad_cast@std@@@8   100c6330     LIBCMTD:stdexcpt.obj
 0004:00001350       ??_R0?AVbad_typeid@std@@@8 100c6350     LIBCMTD:stdexcpt.obj
 0004:00001374       ??_R0?AV__non_rtti_object@std@@@8 100c6374     LIBCMTD:stdexcpt.obj
 0004:000013a0       ___mb_cur_max              100c63a0     LIBCMTD:nlsdata1.obj
 0004:000013a4       ___decimal_point           100c63a4     LIBCMTD:nlsdata1.obj
 0004:000013a8       ___decimal_point_length    100c63a8     LIBCMTD:nlsdata1.obj
 0004:000014e8       __aenvptr                  100c64e8     LIBCMTD:dllcrt0.obj
 0004:000014ec       __wenvptr                  100c64ec     LIBCMTD:dllcrt0.obj
 0004:000014f0       ___error_mode              100c64f0     LIBCMTD:dllcrt0.obj
 0004:000014f4       ___app_type                100c64f4     LIBCMTD:dllcrt0.obj
 0004:000014fc       ___pInvalidArgHandler      100c64fc     LIBCMTD:invarg.obj
 0004:00001500       __umaskval                 100c6500     LIBCMTD:crt0dat.obj
 0004:00001504       ___argc                    100c6504     LIBCMTD:crt0dat.obj
 0004:00001508       ___argv                    100c6508     LIBCMTD:crt0dat.obj
 0004:0000150c       ___wargv                   100c650c     LIBCMTD:crt0dat.obj
 0004:00001510       __environ                  100c6510     LIBCMTD:crt0dat.obj
 0004:00001514       ___initenv                 100c6514     LIBCMTD:crt0dat.obj
 0004:00001518       __wenviron                 100c6518     LIBCMTD:crt0dat.obj
 0004:0000151c       ___winitenv                100c651c     LIBCMTD:crt0dat.obj
 0004:00001520       __pgmptr                   100c6520     LIBCMTD:crt0dat.obj
 0004:00001524       __wpgmptr                  100c6524     LIBCMTD:crt0dat.obj
 0004:00001528       __exitflag                 100c6528     LIBCMTD:crt0dat.obj
 0004:0000152c       __C_Termination_Done       100c652c     LIBCMTD:crt0dat.obj
 0004:00001530       __C_Exit_Done              100c6530     LIBCMTD:crt0dat.obj
 0004:00001548       ___mbulinfo                100c6548     LIBCMTD:mbctype.obj
 0004:00001554       ___mbcodepage              100c6554     LIBCMTD:mbctype.obj
 0004:00001558       ___ismbcodepage            100c6558     LIBCMTD:mbctype.obj
 0004:0000155c       ___mblcid                  100c655c     LIBCMTD:mbctype.obj
 0004:00001568       _gpFlsAlloc                100c6568     LIBCMTD:tidtable.obj
 0004:0000156c       _gpFlsGetValue             100c656c     LIBCMTD:tidtable.obj
 0004:00001570       _gpFlsSetValue             100c6570     LIBCMTD:tidtable.obj
 0004:00001574       _gpFlsFree                 100c6574     LIBCMTD:tidtable.obj
 0004:00001590       ?_pfnDumpClient@@3P6AXPAXI@ZA 100c6590     LIBCMTD:dbgheap.obj
 0004:00001598       ___crtDebugCheckCount      100c6598     LIBCMTD:dbgheap.obj
 0004:000015a8       __newmode                  100c65a8     LIBCMTD:_newmode.obj
 0004:000015ac       __cflush                   100c65ac     LIBCMTD:_file.obj
 0004:000016ec       __crtheap                  100c66ec     LIBCMTD:heapinit.obj
 0004:00002034       ?__pInconsistency@@3P6AXXZA 100c7034     LIBCMTD:hooks.obj
 0004:0000203c       ___pPurecall               100c703c     LIBCMTD:inithelp.obj
 0004:00002040       ?_pnhHeap@@3P6AHI@ZA       100c7040     LIBCMTD:handler.obj
 0004:00002044       __fmode                    100c7044     LIBCMTD:txtmode.obj
 0004:00002414       ___lconv_static_null       100c7414     LIBCMTD:lconv.obj
 0004:00002418       ___lconv_static_W_null     100c7418     LIBCMTD:lconv.obj
 0004:0000241c       __commode                  100c741c     LIBCMTD:ncommode.obj
 0004:00002420       __stdbuf                   100c7420     LIBCMTD:_sftbuf.obj
 0004:00002444       ___locale_changed          100c7444     LIBCMTD:setlocal.obj
 0004:00002468       ?pArgList@UnDecorator@@0PAVReplicator@@A 100c7468     LIBCMTD:undname.obj
 0004:0000246c       ?pZNameList@UnDecorator@@0PAVReplicator@@A 100c746c     LIBCMTD:undname.obj
 0004:00002470       ?pTemplateArgList@UnDecorator@@0PAVReplicator@@A 100c7470     LIBCMTD:undname.obj
 0004:00002474       ?gName@UnDecorator@@0PBDB  100c7474     LIBCMTD:undname.obj
 0004:00002478       ?name@UnDecorator@@0PBDB   100c7478     LIBCMTD:undname.obj
 0004:0000247c       ?outputString@UnDecorator@@0PADA 100c747c     LIBCMTD:undname.obj
 0004:00002480       ?maxStringLength@UnDecorator@@0HA 100c7480     LIBCMTD:undname.obj
 0004:00002484       ?disableFlags@UnDecorator@@0KA 100c7484     LIBCMTD:undname.obj
 0004:00002488       ?m_pGetParameter@UnDecorator@@0P6APADJ@ZA 100c7488     LIBCMTD:undname.obj
 0004:0000248c       ?fExplicitTemplateParams@UnDecorator@@0_NA 100c748c     LIBCMTD:undname.obj
 0004:0000248d       ?fGetTemplateArgumentList@UnDecorator@@0_NA 100c748d     LIBCMTD:undname.obj
 0004:00002500       ?nodes@?1??make@DNameStatusNode@@SAPAV2@W4DNameStatus@@@Z@4PAV2@A 100c7500     LIBCMTD:undname.obj
 0004:0000253c       ??_B?1??make@DNameStatusNode@@SAPAV1@W4DNameStatus@@@Z@51 100c753c     LIBCMTD:undname.obj
 0004:00002540       ___setlc_active            100c7540     <common>
 0004:00002550       ___unguarded_readlc_active 100c7550     <common>
 0004:00002554       __pfnReportHook            100c7554     <common>
 0004:00002564       __pReportHookListW         100c7564     <common>
 0004:00002568       __pReportHookList          100c7568     <common>
 0004:0000256c       __debugger_hook_dummy      100c756c     <common>
 0004:00002578       ___piob                    100c7578     <common>
 0004:000028c0       __bufin                    100c78c0     <common>
 0004:000038c0       __nstream                  100c88c0     <common>
 0004:000038c4       ___env_initialized         100c88c4     <common>
 0004:000038d4       ___onexitend               100c88d4     <common>
 0004:000038d8       ___onexitbegin             100c88d8     <common>
 0004:000038dc       ___mbctype_initialized     100c88dc     <common>
 0004:000038e0       __FPinit                   100c88e0     <common>
 0004:000038e4       ___dyn_tls_init_callback   100c88e4     <common>
 0004:000038e8       __nhandle                  100c88e8     <common>
 0004:00003940       ___pioinfo                 100c8940     <common>
 0004:00003a40       ___sse2_available          100c8a40     <common>
 0004:00003a4c       __acmdln                   100c8a4c     <common>
 0005:00000000       __IMPORT_DESCRIPTOR_KERNEL32 100c9000     kernel32:KERNEL32.dll
 0005:00000014       __NULL_IMPORT_DESCRIPTOR   100c9014     kernel32:KERNEL32.dll
 0005:000001dc       __imp__CreateFileA@28      100c91dc     kernel32:KERNEL32.dll
 0005:000001e0       __imp__CloseHandle@4       100c91e0     kernel32:KERNEL32.dll
 0005:000001e4       __imp__CreateFileW@28      100c91e4     kernel32:KERNEL32.dll
 0005:000001e8       __imp__GetLastError@0      100c91e8     kernel32:KERNEL32.dll
 0005:000001ec       __imp__ReadFile@20         100c91ec     kernel32:KERNEL32.dll
 0005:000001f0       __imp__WriteFile@20        100c91f0     kernel32:KERNEL32.dll
 0005:000001f4       __imp__SetFilePointer@16   100c91f4     kernel32:KERNEL32.dll
 0005:000001f8       __imp__GetFileType@4       100c91f8     kernel32:KERNEL32.dll
 0005:000001fc       __imp__WideCharToMultiByte@32 100c91fc     kernel32:KERNEL32.dll
 0005:00000200       __imp__GetSystemTimeAsFileTime@4 100c9200     kernel32:KERNEL32.dll
 0005:00000204       __imp__GetCurrentThreadId@0 100c9204     kernel32:KERNEL32.dll
 0005:00000208       __imp__DecodePointer@4     100c9208     kernel32:KERNEL32.dll
 0005:0000020c       __imp__GetCommandLineA@0   100c920c     kernel32:KERNEL32.dll
 0005:00000210       __imp__IsProcessorFeaturePresent@4 100c9210     kernel32:KERNEL32.dll
 0005:00000214       __imp__LeaveCriticalSection@4 100c9214     kernel32:KERNEL32.dll
 0005:00000218       __imp__EnterCriticalSection@4 100c9218     kernel32:KERNEL32.dll
 0005:0000021c       __imp__InitializeCriticalSectionAndSpinCount@8 100c921c     kernel32:KERNEL32.dll
 0005:00000220       __imp__SetStdHandle@8      100c9220     kernel32:KERNEL32.dll
 0005:00000224       __imp__SetHandleCount@4    100c9224     kernel32:KERNEL32.dll
 0005:00000228       __imp__GetStdHandle@4      100c9228     kernel32:KERNEL32.dll
 0005:0000022c       __imp__GetStartupInfoW@4   100c922c     kernel32:KERNEL32.dll
 0005:00000230       __imp__DeleteCriticalSection@4 100c9230     kernel32:KERNEL32.dll
 0005:00000234       __imp__TerminateProcess@8  100c9234     kernel32:KERNEL32.dll
 0005:00000238       __imp__GetCurrentProcess@0 100c9238     kernel32:KERNEL32.dll
 0005:0000023c       __imp__UnhandledExceptionFilter@4 100c923c     kernel32:KERNEL32.dll
 0005:00000240       __imp__SetUnhandledExceptionFilter@4 100c9240     kernel32:KERNEL32.dll
 0005:00000244       __imp__IsDebuggerPresent@0 100c9244     kernel32:KERNEL32.dll
 0005:00000248       __imp__EncodePointer@4     100c9248     kernel32:KERNEL32.dll
 0005:0000024c       __imp__GetModuleFileNameW@12 100c924c     kernel32:KERNEL32.dll
 0005:00000250       __imp__GetConsoleCP@0      100c9250     kernel32:KERNEL32.dll
 0005:00000254       __imp__GetConsoleMode@8    100c9254     kernel32:KERNEL32.dll
 0005:00000258       __imp__SetEndOfFile@4      100c9258     kernel32:KERNEL32.dll
 0005:0000025c       __imp__HeapFree@12         100c925c     kernel32:KERNEL32.dll
 0005:00000260       __imp__HeapAlloc@12        100c9260     kernel32:KERNEL32.dll
 0005:00000264       __imp__GetProcessHeap@0    100c9264     kernel32:KERNEL32.dll
 0005:00000268       __imp__MultiByteToWideChar@24 100c9268     kernel32:KERNEL32.dll
 0005:0000026c       __imp__InterlockedIncrement@4 100c926c     kernel32:KERNEL32.dll
 0005:00000270       __imp__InterlockedDecrement@4 100c9270     kernel32:KERNEL32.dll
 0005:00000274       __imp__GetProcAddress@8    100c9274     kernel32:KERNEL32.dll
 0005:00000278       __imp__GetModuleHandleW@4  100c9278     kernel32:KERNEL32.dll
 0005:0000027c       __imp__ExitProcess@4       100c927c     kernel32:KERNEL32.dll
 0005:00000280       __imp__InterlockedExchange@8 100c9280     kernel32:KERNEL32.dll
 0005:00000284       __imp__GetACP@0            100c9284     kernel32:KERNEL32.dll
 0005:00000288       __imp__GetOEMCP@0          100c9288     kernel32:KERNEL32.dll
 0005:0000028c       __imp__GetCPInfo@8         100c928c     kernel32:KERNEL32.dll
 0005:00000290       __imp__IsValidCodePage@4   100c9290     kernel32:KERNEL32.dll
 0005:00000294       __imp__TlsAlloc@0          100c9294     kernel32:KERNEL32.dll
 0005:00000298       __imp__TlsGetValue@4       100c9298     kernel32:KERNEL32.dll
 0005:0000029c       __imp__TlsSetValue@8       100c929c     kernel32:KERNEL32.dll
 0005:000002a0       __imp__TlsFree@4           100c92a0     kernel32:KERNEL32.dll
 0005:000002a4       __imp__SetLastError@4      100c92a4     kernel32:KERNEL32.dll
 0005:000002a8       __imp__GetCurrentThread@0  100c92a8     kernel32:KERNEL32.dll
 0005:000002ac       __imp__HeapValidate@12     100c92ac     kernel32:KERNEL32.dll
 0005:000002b0       __imp__IsBadReadPtr@8      100c92b0     kernel32:KERNEL32.dll
 0005:000002b4       __imp__RtlUnwind@16        100c92b4     kernel32:KERNEL32.dll
 0005:000002b8       __imp__GetModuleFileNameA@12 100c92b8     kernel32:KERNEL32.dll
 0005:000002bc       __imp__FreeEnvironmentStringsW@4 100c92bc     kernel32:KERNEL32.dll
 0005:000002c0       __imp__GetEnvironmentStringsW@0 100c92c0     kernel32:KERNEL32.dll
 0005:000002c4       __imp__HeapCreate@12       100c92c4     kernel32:KERNEL32.dll
 0005:000002c8       __imp__HeapDestroy@4       100c92c8     kernel32:KERNEL32.dll
 0005:000002cc       __imp__QueryPerformanceCounter@4 100c92cc     kernel32:KERNEL32.dll
 0005:000002d0       __imp__GetTickCount@0      100c92d0     kernel32:KERNEL32.dll
 0005:000002d4       __imp__GetCurrentProcessId@0 100c92d4     kernel32:KERNEL32.dll
 0005:000002d8       __imp__FatalAppExitA@8     100c92d8     kernel32:KERNEL32.dll
 0005:000002dc       __imp__OutputDebugStringA@4 100c92dc     kernel32:KERNEL32.dll
 0005:000002e0       __imp__WriteConsoleW@20    100c92e0     kernel32:KERNEL32.dll
 0005:000002e4       __imp__OutputDebugStringW@4 100c92e4     kernel32:KERNEL32.dll
 0005:000002e8       __imp__SetConsoleCtrlHandler@8 100c92e8     kernel32:KERNEL32.dll
 0005:000002ec       __imp__LoadLibraryW@4      100c92ec     kernel32:KERNEL32.dll
 0005:000002f0       __imp__FreeLibrary@4       100c92f0     kernel32:KERNEL32.dll
 0005:000002f4       __imp__GetLocaleInfoW@16   100c92f4     kernel32:KERNEL32.dll
 0005:000002f8       __imp__LCMapStringW@24     100c92f8     kernel32:KERNEL32.dll
 0005:000002fc       __imp__GetStringTypeW@16   100c92fc     kernel32:KERNEL32.dll
 0005:00000300       __imp__HeapReAlloc@16      100c9300     kernel32:KERNEL32.dll
 0005:00000304       __imp__HeapSize@12         100c9304     kernel32:KERNEL32.dll
 0005:00000308       __imp__HeapQueryInformation@20 100c9308     kernel32:KERNEL32.dll
 0005:0000030c       __imp__FlushFileBuffers@4  100c930c     kernel32:KERNEL32.dll
 0005:00000310       __imp__RaiseException@16   100c9310     kernel32:KERNEL32.dll
 0005:00000314       __imp__GetLocaleInfoA@16   100c9314     kernel32:KERNEL32.dll
 0005:00000318       __imp__IsValidLocale@8     100c9318     kernel32:KERNEL32.dll
 0005:0000031c       __imp__EnumSystemLocalesA@8 100c931c     kernel32:KERNEL32.dll
 0005:00000320       __imp__GetUserDefaultLCID@0 100c9320     kernel32:KERNEL32.dll
 0005:00000324       \177KERNEL32_NULL_THUNK_DATA 100c9324     kernel32:KERNEL32.dll

 entry point at        0002:00000b86

